ARM Linker, RVCT4.0 [Build 728] [Standard]

==============================================================================

Section Cross References

    netconf.o(i.GetMacAddr) refers to netconf.o(.data) for macaddress
    netconf.o(i.LwIP_Init) refers to netconf.o(i.GetMacAddr) for GetMacAddr
    netconf.o(i.LwIP_Init) refers to mem.o(i.mem_init) for mem_init
    netconf.o(i.LwIP_Init) refers to memp.o(i.memp_init) for memp_init
    netconf.o(i.LwIP_Init) refers to ethernetif.o(i.Set_MAC_Address) for Set_MAC_Address
    netconf.o(i.LwIP_Init) refers to netif.o(i.netif_add) for netif_add
    netconf.o(i.LwIP_Init) refers to netif.o(i.netif_set_default) for netif_set_default
    netconf.o(i.LwIP_Init) refers to dhcp.o(i.dhcp_start) for dhcp_start
    netconf.o(i.LwIP_Init) refers to netif.o(i.netif_set_up) for netif_set_up
    netconf.o(i.LwIP_Init) refers to netconf.o(.data) for macaddress
    netconf.o(i.LwIP_Init) refers to etharp.o(i.ethernet_input) for ethernet_input
    netconf.o(i.LwIP_Init) refers to ethernetif.o(i.ethernetif_init) for ethernetif_init
    netconf.o(i.LwIP_Init) refers to netconf.o(.bss) for netif
    netconf.o(i.LwIP_Periodic_Handle) refers to ethernetif.o(i.ETH_Recive_Poll) for ETH_Recive_Poll
    netconf.o(i.LwIP_Periodic_Handle) refers to tcp.o(i.tcp_tmr) for tcp_tmr
    netconf.o(i.LwIP_Periodic_Handle) refers to tftpserver.o(i.TftpTrm250ms) for TftpTrm250ms
    netconf.o(i.LwIP_Periodic_Handle) refers to etharp.o(i.etharp_tmr) for etharp_tmr
    netconf.o(i.LwIP_Periodic_Handle) refers to dhcp.o(i.dhcp_fine_tmr) for dhcp_fine_tmr
    netconf.o(i.LwIP_Periodic_Handle) refers to dhcp.o(i.dhcp_coarse_tmr) for dhcp_coarse_tmr
    netconf.o(i.LwIP_Periodic_Handle) refers to netconf.o(.data) for TCPTimer
    netconf.o(i.LwIP_Pkt_Handle) refers to ethernetif.o(i.ethernetif_input) for ethernetif_input
    netconf.o(i.LwIP_Pkt_Handle) refers to netconf.o(.bss) for netif
    stm32f10x_it.o(i.ETH_IRQHandler) refers to stm32_eth.o(i.ETH_DMAClearITPendingBit) for ETH_DMAClearITPendingBit
    stm32f10x_it.o(i.HardFault_Handler) refers to stm32f10x_it.o(.emb_text) for wait
    stm32f10x_it.o(i.SysTick_Handler) refers to main.o(i.Time_Update) for Time_Update
    stm32f107.o(i.ADC_Configuration) refers to stm32f10x_adc.o(i.ADC_Init) for ADC_Init
    stm32f107.o(i.ADC_Configuration) refers to stm32f10x_adc.o(i.ADC_RegularChannelConfig) for ADC_RegularChannelConfig
    stm32f107.o(i.ADC_Configuration) refers to stm32f10x_adc.o(i.ADC_Cmd) for ADC_Cmd
    stm32f107.o(i.ADC_Configuration) refers to stm32f10x_adc.o(i.ADC_SoftwareStartConvCmd) for ADC_SoftwareStartConvCmd
    stm32f107.o(i.Ethernet_Configuration) refers to stm32f10x_gpio.o(i.GPIO_ETH_MediaInterfaceConfig) for GPIO_ETH_MediaInterfaceConfig
    stm32f107.o(i.Ethernet_Configuration) refers to stm32f10x_rcc.o(i.RCC_MCOConfig) for RCC_MCOConfig
    stm32f107.o(i.Ethernet_Configuration) refers to stm32_eth.o(i.ETH_DeInit) for ETH_DeInit
    stm32f107.o(i.Ethernet_Configuration) refers to stm32_eth.o(i.ETH_SoftwareReset) for ETH_SoftwareReset
    stm32f107.o(i.Ethernet_Configuration) refers to stm32_eth.o(i.ETH_GetSoftwareResetStatus) for ETH_GetSoftwareResetStatus
    stm32f107.o(i.Ethernet_Configuration) refers to stm32_eth.o(i.ETH_StructInit) for ETH_StructInit
    stm32f107.o(i.Ethernet_Configuration) refers to stm32_eth.o(i.ETH_Init) for ETH_Init
    stm32f107.o(i.Ethernet_Configuration) refers to stm32_eth.o(i.ETH_DMAITConfig) for ETH_DMAITConfig
    stm32f107.o(i.GPIO_Configuration) refers to stm32f10x_gpio.o(i.GPIO_Init) for GPIO_Init
    stm32f107.o(i.GPIO_Configuration) refers to stm32f10x_gpio.o(i.GPIO_PinRemapConfig) for GPIO_PinRemapConfig
    stm32f107.o(i.NVIC_Configuration) refers to misc.o(i.NVIC_SetVectorTable) for NVIC_SetVectorTable
    stm32f107.o(i.NVIC_Configuration) refers to misc.o(i.NVIC_PriorityGroupConfig) for NVIC_PriorityGroupConfig
    stm32f107.o(i.NVIC_Configuration) refers to misc.o(i.NVIC_Init) for NVIC_Init
    stm32f107.o(i.System_Setup) refers to system_stm32f10x.o(i.SystemInit) for SystemInit
    stm32f107.o(i.System_Setup) refers to mb_m.o(i.eMBMasterInit) for eMBMasterInit
    stm32f107.o(i.System_Setup) refers to mb_m.o(i.eMBMasterEnable) for eMBMasterEnable
    stm32f107.o(i.System_Setup) refers to stm32f10x_rcc.o(i.RCC_AHBPeriphClockCmd) for RCC_AHBPeriphClockCmd
    stm32f107.o(i.System_Setup) refers to stm32f10x_rcc.o(i.RCC_APB2PeriphClockCmd) for RCC_APB2PeriphClockCmd
    stm32f107.o(i.System_Setup) refers to stm32f107.o(i.NVIC_Configuration) for NVIC_Configuration
    stm32f107.o(i.System_Setup) refers to stm32f107.o(i.GPIO_Configuration) for GPIO_Configuration
    stm32f107.o(i.System_Setup) refers to stm32f107.o(i.Ethernet_Configuration) for Ethernet_Configuration
    stm32f107.o(i.System_Setup) refers to stm32f10x_rcc.o(i.RCC_GetClocksFreq) for RCC_GetClocksFreq
    stm32f107.o(i.System_Setup) refers to stm32f107.o(i.NVIC_SetPriority) for NVIC_SetPriority
[...]
    file_getAttr                             0x08005ded   Thumb Code    14  file.o(i.file_getAttr)
    file_initFile                            0x08005dfb   Thumb Code    50  file.o(i.file_initFile)
    file_normalToFatName                     0x08005e2d   Thumb Code   150  file.o(i.file_normalToFatName)
    file_read                                0x08005ec3   Thumb Code    36  file.o(i.file_read)
    file_requiredCluster                     0x08005ee7   Thumb Code   110  file.o(i.file_requiredCluster)
    file_setAttr                             0x08005f55   Thumb Code    36  file.o(i.file_setAttr)
    file_setpos                              0x08005f79   Thumb Code    20  file.o(i.file_setpos)
    file_validateChar                        0x08005f8d   Thumb Code    68  file.o(i.file_validateChar)
    file_write                               0x08005fd1   Thumb Code    36  file.o(i.file_write)
    fs_clearCluster                          0x08005ff5   Thumb Code    70  fs.o(i.fs_clearCluster)
    fs_clusterToSector                       0x0800603b   Thumb Code    56  fs.o(i.fs_clusterToSector)
    fs_countDataSectors                      0x08006073   Thumb Code    88  fs.o(i.fs_countDataSectors)
    fs_determineFatType                      0x080060cb   Thumb Code    52  fs.o(i.fs_determineFatType)
    fs_findFile                              0x080060ff   Thumb Code   208  fs.o(i.fs_findFile)
    fs_findFirstSectorRootDir                0x080061cf   Thumb Code    46  fs.o(i.fs_findFirstSectorRootDir)
    fs_findFreeFile                          0x080061fd   Thumb Code   112  fs.o(i.fs_findFreeFile)
    fs_flushFs                               0x0800626d   Thumb Code    16  fs.o(i.fs_flushFs)
    fs_getFirstClusterRootDir                0x0800627d   Thumb Code    18  fs.o(i.fs_getFirstClusterRootDir)
    fs_getLastCluster                        0x0800628f   Thumb Code    60  fs.o(i.fs_getLastCluster)
    fs_getNextFreeCluster                    0x080062cb   Thumb Code    38  fs.o(i.fs_getNextFreeCluster)
    fs_giveFreeClusterHint                   0x080062f1   Thumb Code     6  fs.o(i.fs_giveFreeClusterHint)
    fs_hasTimeSupport                        0x080062f7   Thumb Code     4  time.o(i.fs_hasTimeSupport)
    fs_initClusterChain                      0x080062fb   Thumb Code    16  fs.o(i.fs_initClusterChain)
    fs_initCurrentDir                        0x0800630b   Thumb Code    14  fs.o(i.fs_initCurrentDir)
    fs_initFs                                0x08006319   Thumb Code    72  fs.o(i.fs_initFs)
    fs_isValidFat                            0x08006361   Thumb Code    50  fs.o(i.fs_isValidFat)
    fs_loadVolumeId                          0x08006393   Thumb Code   116  fs.o(i.fs_loadVolumeId)
    fs_setFirstClusterInDirEntry             0x08006407   Thumb Code     8  fs.o(i.fs_setFirstClusterInDirEntry)
    fs_umount                                0x0800640f   Thumb Code    12  fs.o(i.fs_umount)
    fs_verifySanity                          0x0800641b   Thumb Code   178  fs.o(i.fs_verifySanity)
    get_spi_BaudRatePrescaler                0x080064cd   Thumb Code     6  sd.o(i.get_spi_BaudRatePrescaler)
    icmp_dest_unreach                        0x080064d3   Thumb Code    18  icmp.o(i.icmp_dest_unreach)
    icmp_input                               0x080064e5   Thumb Code   552  icmp.o(i.icmp_input)
    icmp_time_exceeded                       0x080067b1   Thumb Code    18  icmp.o(i.icmp_time_exceeded)
    if_initInterface                         0x080067c3   Thumb Code    76  sd_stm32.o(i.if_initInterface)
    if_readBuf                               0x0800680f   Thumb Code    24  sd_stm32.o(i.if_readBuf)
    if_spiInit                               0x08006829   Thumb Code    38  sd_stm32.o(i.if_spiInit)
    if_spiSend                               0x08006855   Thumb Code    70  sd_stm32.o(i.if_spiSend)
    if_writeBuf                              0x080068a5   Thumb Code    20  sd_stm32.o(i.if_writeBuf)
    inet_chksum                              0x080068b9   Thumb Code    20  inet_chksum.o(i.inet_chksum)
    inet_chksum_pbuf                         0x080068cd   Thumb Code    86  inet_chksum.o(i.inet_chksum_pbuf)
    inet_chksum_pseudo                       0x08006923   Thumb Code   190  inet_chksum.o(i.inet_chksum_pseudo)
    initsi4432                               0x080069e1   Thumb Code   168  si4432.o(i.initsi4432)
    ioman_decUseCnt                          0x08006a95   Thumb Code    40  ioman.o(i.ioman_decUseCnt)
    ioman_directSectorRead                   0x08006abd   Thumb Code   134  ioman.o(i.ioman_directSectorRead)
    ioman_directSectorWrite                  0x08006b43   Thumb Code   168  ioman.o(i.ioman_directSectorWrite)
    ioman_findFreeSpot                       0x08006beb   Thumb Code    40  ioman.o(i.ioman_findFreeSpot)
    ioman_findOverallocableSpot              0x08006c13   Thumb Code   116  ioman.o(i.ioman_findOverallocableSpot)
    ioman_findSectorInCache                  0x08006c87   Thumb Code    54  ioman.o(i.ioman_findSectorInCache)
    ioman_findUnusedSpot                     0x08006cbd   Thumb Code   146  ioman.o(i.ioman_findUnusedSpot)
    ioman_flushRange                         0x08006d4f   Thumb Code   110  ioman.o(i.ioman_flushRange)
    ioman_flushSector                        0x08006dbd   Thumb Code    96  ioman.o(i.ioman_flushSector)
    ioman_getAttr                            0x08006e1d   Thumb Code    32  ioman.o(i.ioman_getAttr)
    ioman_getBp                              0x08006e3d   Thumb Code    46  ioman.o(i.ioman_getBp)
    ioman_getBuffer                          0x08006e6b   Thumb Code     8  ioman.o(i.ioman_getBuffer)
    ioman_getPtr                             0x08006e73   Thumb Code    24  ioman.o(i.ioman_getPtr)
    ioman_getRefCnt                          0x08006e8b   Thumb Code    24  ioman.o(i.ioman_getRefCnt)
    ioman_getSector                          0x08006ea3   Thumb Code   324  ioman.o(i.ioman_getSector)
    ioman_getUseCnt                          0x08006fe7   Thumb Code    24  ioman.o(i.ioman_getUseCnt)
    ioman_incRefCnt                          0x08006fff   Thumb Code    42  ioman.o(i.ioman_incRefCnt)
    ioman_incUseCnt                          0x08007029   Thumb Code    42  ioman.o(i.ioman_incUseCnt)
    ioman_init                               0x08007053   Thumb Code    36  ioman.o(i.ioman_init)
    ioman_pop                                0x08007077   Thumb Code   128  ioman.o(i.ioman_pop)
    ioman_push                               0x080070f7   Thumb Code   120  ioman.o(i.ioman_push)
    ioman_putSectorInCache                   0x0800716f   Thumb Code    76  ioman.o(i.ioman_putSectorInCache)
    ioman_readSector                         0x080071bb   Thumb Code    46  ioman.o(i.ioman_readSector)
    ioman_releaseSector                      0x080071e9   Thumb Code    90  ioman.o(i.ioman_releaseSector)
    ioman_reset                              0x08007243   Thumb Code   122  ioman.o(i.ioman_reset)
    ioman_resetCacheItem                     0x080072bd   Thumb Code    36  ioman.o(i.ioman_resetCacheItem)
    ioman_setAttr                            0x080072e1   Thumb Code    56  ioman.o(i.ioman_setAttr)
    ioman_writeSector                        0x08007319   Thumb Code    48  ioman.o(i.ioman_writeSector)
    ip4_addr_isbroadcast                     0x08007349   Thumb Code    78  ip_addr.o(i.ip4_addr_isbroadcast)
    ip_frag                                  0x08007399   Thumb Code   438  ip_frag.o(i.ip_frag)
    ip_input                                 0x0800757d   Thumb Code   590  ip.o(i.ip_input)
    ip_output                                0x080077e5   Thumb Code    88  ip.o(i.ip_output)
    ip_output_if                             0x08007841   Thumb Code   352  ip.o(i.ip_output_if)
    ip_reass                                 0x080079a9   Thumb Code   448  ip_frag.o(i.ip_reass)
    ip_route                                 0x08007f09   Thumb Code    92  ip.o(i.ip_route)
    ls_openDir                               0x080080ad   Thumb Code    68  ls.o(i.ls_openDir)
    lwip_htonl                               0x080080f1   Thumb Code    26  def.o(i.lwip_htonl)
    lwip_htons                               0x0800810b   Thumb Code    12  def.o(i.lwip_htons)
    lwip_ntohl                               0x08008117   Thumb Code    12  def.o(i.lwip_ntohl)
    lwip_ntohs                               0x08008123   Thumb Code    12  def.o(i.lwip_ntohs)
    main                                     0x0800818d   Thumb Code   124  main.o(i.main)
    memClr                                   0x0800821d   Thumb Code    18  plibc.o(i.memClr)
    memCpy                                   0x0800822f   Thumb Code    24  plibc.o(i.memCpy)
    mem_free                                 0x08008249   Thumb Code   154  mem.o(i.mem_free)
    mem_init                                 0x080082ed   Thumb Code    90  mem.o(i.mem_init)
    mem_malloc                               0x08008355   Thumb Code   420  mem.o(i.mem_malloc)
    mem_trim                                 0x08008501   Thumb Code   402  mem.o(i.mem_trim)
    memp_free                                0x0800869d   Thumb Code    80  memp.o(i.memp_free)
    memp_init                                0x080086f9   Thumb Code   144  memp.o(i.memp_init)
    memp_malloc                              0x08008795   Thumb Code   184  memp.o(i.memp_malloc)
    netif_add                                0x08008885   Thumb Code   112  netif.o(i.netif_add)
    netif_set_addr                           0x080088fd   Thumb Code    40  netif.o(i.netif_set_addr)
    netif_set_default                        0x08008925   Thumb Code     6  netif.o(i.netif_set_default)
    netif_set_down                           0x08008931   Thumb Code    42  netif.o(i.netif_set_down)
    netif_set_gw                             0x0800895b   Thumb Code    12  netif.o(i.netif_set_gw)
    netif_set_ipaddr                         0x08008969   Thumb Code   128  netif.o(i.netif_set_ipaddr)
    netif_set_netmask                        0x080089f1   Thumb Code    12  netif.o(i.netif_set_netmask)
    netif_set_up                             0x080089fd   Thumb Code    54  netif.o(i.netif_set_up)
    part_directSectorRead                    0x08008a33   Thumb Code    36  partition.o(i.part_directSectorRead)
    part_directSectorWrite                   0x08008a57   Thumb Code    36  partition.o(i.part_directSectorWrite)
    part_flushPart                           0x08008a7b   Thumb Code    46  partition.o(i.part_flushPart)
    part_getRealLBA                          0x08008aa9   Thumb Code    20  partition.o(i.part_getRealLBA)
    part_getSect                             0x08008abd   Thumb Code    36  partition.o(i.part_getSect)
    part_initPartition                       0x08008ae1   Thumb Code    46  partition.o(i.part_initPartition)
    part_isFatPart                           0x08008b0f   Thumb Code    38  partition.o(i.part_isFatPart)
    part_relSect                             0x08008b35   Thumb Code    18  partition.o(i.part_relSect)
    pbuf_alloc                               0x08008b47   Thumb Code   530  pbuf.o(i.pbuf_alloc)
    pbuf_alloced_custom                      0x08008d59   Thumb Code   110  pbuf.o(i.pbuf_alloced_custom)
    pbuf_cat                                 0x08008dc7   Thumb Code    76  pbuf.o(i.pbuf_cat)
    pbuf_chain                               0x08008e13   Thumb Code    22  pbuf.o(i.pbuf_chain)
    pbuf_clen                                0x08008e29   Thumb Code    18  pbuf.o(i.pbuf_clen)
    pbuf_copy                                0x08008e3b   Thumb Code   228  pbuf.o(i.pbuf_copy)
    pbuf_copy_partial                        0x08008f1f   Thumb Code   154  pbuf.o(i.pbuf_copy_partial)
    pbuf_free                                0x08008fb9   Thumb Code   186  pbuf.o(i.pbuf_free)
    pbuf_header                              0x08009073   Thumb Code   140  pbuf.o(i.pbuf_header)
    pbuf_realloc                             0x080090ff   Thumb Code   178  pbuf.o(i.pbuf_realloc)
    pbuf_ref                                 0x080091b1   Thumb Code    10  pbuf.o(i.pbuf_ref)
    process_tftp_request                     0x08009275   Thumb Code   376  tftpserver.o(i.process_tftp_request)
    raw_input                                0x0800944d   Thumb Code   108  raw.o(i.raw_input)
    recv_callback_tftp                       0x080094c5   Thumb Code    34  tftpserver.o(i.recv_callback_tftp)
    rrq_recv_callback                        0x080094e9   Thumb Code   102  tftpserver.o(i.rrq_recv_callback)
    rx_data                                  0x08009559   Thumb Code    94  si4432.o(i.rx_data)
    save_rec_data                            0x080095b9   Thumb Code   122  si4432.o(i.save_rec_data)
    sd_Command                               0x0800963d   Thumb Code    82  sd.o(i.sd_Command)
    sd_Command_crc                           0x0800968f   Thumb Code   140  sd.o(i.sd_Command_crc)
    sd_Init                                  0x0800971d   Thumb Code   626  sd.o(i.sd_Init)
    sd_Resp16b                               0x08009995   Thumb Code    32  sd.o(i.sd_Resp16b)
    sd_Resp8b                                0x080099b5   Thumb Code    38  sd.o(i.sd_Resp8b)
    sd_Resp8bError                           0x080099db   Thumb Code    52  sd.o(i.sd_Resp8bError)
    sd_State                                 0x08009a0f   Thumb Code   112  sd.o(i.sd_State)
    sd_getDriveSize                          0x08009a81   Thumb Code   340  sd.o(i.sd_getDriveSize)
    sd_readSector                            0x08009bf1   Thumb Code   174  sd.o(i.sd_readSector)
    sd_writeSector                           0x08009ca5   Thumb Code   136  sd.o(i.sd_writeSector)
    spi_byte                                 0x08009d31   Thumb Code    84  si4432.o(i.spi_byte)
    spi_rw                                   0x08009d89   Thumb Code   174  si4432.o(i.spi_rw)
    strMatch                                 0x08009e3d   Thumb Code    30  plibc.o(i.strMatch)
    tcp_abandon                              0x08009e5d   Thumb Code   148  tcp.o(i.tcp_abandon)
    tcp_abort                                0x08009efd   Thumb Code    14  tcp.o(i.tcp_abort)
    tcp_alloc                                0x08009f0d   Thumb Code   258  tcp.o(i.tcp_alloc)
    tcp_bind                                 0x0800a025   Thumb Code   162  tcp.o(i.tcp_bind)
    tcp_client_callback                      0x0800a0d5   Thumb Code   102  client_tcpudp.o(i.tcp_client_callback)
    tcp_client_connected                     0x0800a159   Thumb Code    50  client_tcpudp.o(i.tcp_client_connected)
    tcp_client_err                           0x0800a195   Thumb Code    36  client_tcpudp.o(i.tcp_client_err)
    tcp_client_reciver                       0x0800a1bd   Thumb Code  1314  client_tcpudp.o(i.tcp_client_reciver)
    tcp_close                                0x0800a6f5   Thumb Code    28  tcp.o(i.tcp_close)
    tcp_connect                              0x0800a8e5   Thumb Code   330  tcp.o(i.tcp_connect)
    tcp_eff_send_mss                         0x0800ab21   Thumb Code    46  tcp.o(i.tcp_eff_send_mss)
    tcp_enqueue_flags                        0x0800ab51   Thumb Code   392  tcp_out.o(i.tcp_enqueue_flags)
    tcp_err                                  0x0800acdd   Thumb Code    20  tcp.o(i.tcp_err)
    tcp_fasttmr                              0x0800acf1   Thumb Code   118  tcp.o(i.tcp_fasttmr)
    tcp_input                                0x0800ad75   Thumb Code  1418  tcp_in.o(i.tcp_input)
    tcp_keepalive                            0x0800b319   Thumb Code    98  tcp_out.o(i.tcp_keepalive)
    tcp_new                                  0x0800b559   Thumb Code    10  tcp.o(i.tcp_new)
    tcp_next_iss                             0x0800b5cd   Thumb Code    20  tcp.o(i.tcp_next_iss)
    tcp_output                               0x0800b5e9   Thumb Code   476  tcp_out.o(i.tcp_output)
    tcp_pcb_purge                            0x0800ba9b   Thumb Code    64  tcp.o(i.tcp_pcb_purge)
    tcp_pcb_remove                           0x0800badd   Thumb Code   156  tcp.o(i.tcp_pcb_remove)
    tcp_process_refused_data                 0x0800c151   Thumb Code   140  tcp.o(i.tcp_process_refused_data)
    tcp_recv                                 0x0800c8e5   Thumb Code    18  tcp.o(i.tcp_recv)
    tcp_recv_null                            0x0800c8f7   Thumb Code    46  tcp.o(i.tcp_recv_null)
    tcp_recved                               0x0800c925   Thumb Code    96  tcp.o(i.tcp_recved)
    tcp_rexmit                               0x0800c985   Thumb Code    88  tcp_out.o(i.tcp_rexmit)
    tcp_rexmit_fast                          0x0800c9dd   Thumb Code   112  tcp_out.o(i.tcp_rexmit_fast)
    tcp_rexmit_rto                           0x0800ca4d   Thumb Code    56  tcp_out.o(i.tcp_rexmit_rto)
    tcp_rst                                  0x0800ca85   Thumb Code   192  tcp_out.o(i.tcp_rst)
    tcp_seg_free                             0x0800cb49   Thumb Code    26  tcp.o(i.tcp_seg_free)
    tcp_segs_free                            0x0800cb63   Thumb Code    24  tcp.o(i.tcp_segs_free)
    tcp_send_empty_ack                       0x0800cb7b   Thumb Code    96  tcp_out.o(i.tcp_send_empty_ack)
    tcp_send_fin                             0x0800cbdb   Thumb Code    74  tcp_out.o(i.tcp_send_fin)
    tcp_slowtmr                              0x0800cc25   Thumb Code   874  tcp.o(i.tcp_slowtmr)
    tcp_timer_needed                         0x0800cfad   Thumb Code     2  timers.o(i.tcp_timer_needed)
    tcp_tmr                                  0x0800d05d   Thumb Code    30  tcp.o(i.tcp_tmr)
    tcp_update_rcv_ann_wnd                   0x0800d081   Thumb Code    88  tcp.o(i.tcp_update_rcv_ann_wnd)
    tcp_write                                0x0800d0d9   Thumb Code  1094  tcp_out.o(i.tcp_write)
    tcp_zero_window_probe                    0x0800d5c1   Thumb Code   198  tcp_out.o(i.tcp_zero_window_probe)
    tftp_cleanup_rd                          0x0800d68d   Thumb Code    50  tftpserver.o(i.tftp_cleanup_rd)
    tftp_cleanup_wr                          0x0800d6d1   Thumb Code    50  tftpserver.o(i.tftp_cleanup_wr)
    tftp_construct_error_message             0x0800d715   Thumb Code    50  tftpserver.o(i.tftp_construct_error_message)
    tftp_decode_op                           0x0800d74d   Thumb Code     6  tftputils.o(i.tftp_decode_op)
    tftp_extract_block                       0x0800d753   Thumb Code    16  tftputils.o(i.tftp_extract_block)
    tftp_extract_filename                    0x0800d763   Thumb Code    16  tftputils.o(i.tftp_extract_filename)
    tftp_is_correct_ack                      0x0800d773   Thumb Code    38  tftputils.o(i.tftp_is_correct_ack)
    tftp_process_read                        0x0800d799   Thumb Code   166  tftpserver.o(i.tftp_process_read)
    tftp_process_write                       0x0800d859   Thumb Code   150  tftpserver.o(i.tftp_process_write)
    tftp_send_ack_packet                     0x0800d8fd   Thumb Code    48  tftpserver.o(i.tftp_send_ack_packet)
    tftp_send_data_packet                    0x0800d92d   Thumb Code    76  tftpserver.o(i.tftp_send_data_packet)
    tftp_send_error_message                  0x0800d979   Thumb Code    50  tftpserver.o(i.tftp_send_error_message)
    tftp_send_message                        0x0800d9ab   Thumb Code    80  tftpserver.o(i.tftp_send_message)
    tftp_send_next_block                     0x0800d9fd   Thumb Code    56  tftpserver.o(i.tftp_send_next_block)
    tftp_set_block                           0x0800da39   Thumb Code    20  tftputils.o(i.tftp_set_block)
    tftp_set_data_message                    0x0800da4d   Thumb Code    20  tftputils.o(i.tftp_set_data_message)
    tftp_set_errorcode                       0x0800da61   Thumb Code     8  tftputils.o(i.tftp_set_errorcode)
    tftp_set_errormsg                        0x0800da69   Thumb Code    16  tftputils.o(i.tftp_set_errormsg)
    tftp_set_opcode                          0x0800da79   Thumb Code     8  tftputils.o(i.tftp_set_opcode)
    tx_data                                  0x0800da81   Thumb Code   250  si4432.o(i.tx_data)
    ucMBMasterGetDestAddress                 0x0800db7d   Thumb Code     6  mb_m.o(i.ucMBMasterGetDestAddress)
    ucMBMasterGetPDUSndLength                0x0800db89   Thumb Code     6  mbrtu_m.o(i.ucMBMasterGetPDUSndLength)
    udp_bind                                 0x0800db95   Thumb Code   132  udp.o(i.udp_bind)
    udp_client_callback                      0x0800dc1d   Thumb Code  1570  client_tcpudp.o(i.udp_client_callback)
    udp_client_callback_app                  0x0800e291   Thumb Code    52  client_tcpudp.o(i.udp_client_callback_app)
    udp_connect                              0x0800e2d1   Thumb Code    94  udp.o(i.udp_connect)
    udp_disconnect                           0x0800e335   Thumb Code    16  udp.o(i.udp_disconnect)
    udp_input                                0x0800e345   Thumb Code   634  udp.o(i.udp_input)
    udp_new                                  0x0800e5d1   Thumb Code    28  udp.o(i.udp_new)
    udp_recv                                 0x0800e645   Thumb Code     6  udp.o(i.udp_recv)
    udp_remove                               0x0800e64d   Thumb Code    60  udp.o(i.udp_remove)
    udp_sendto                               0x0800e68d   Thumb Code    68  udp.o(i.udp_sendto)
    udp_sendto_if                            0x0800e6d5   Thumb Code   294  udp.o(i.udp_sendto_if)
    vMBMasterGetPDUSndBuf                    0x0800e801   Thumb Code     6  mbrtu_m.o(i.vMBMasterGetPDUSndBuf)
    vMBMasterPortSerialEnable                0x0800e80d   Thumb Code    84  portserial_m.o(i.vMBMasterPortSerialEnable)
    vMBMasterPortTimersConvertDelayEnable    0x0800e869   Thumb Code    78  porttimer_m.o(i.vMBMasterPortTimersConvertDelayEnable)
    vMBMasterPortTimersDisable               0x0800e8c1   Thumb Code    38  porttimer_m.o(i.vMBMasterPortTimersDisable)
    vMBMasterPortTimersRespondTimeoutEnable  0x0800e8ed   Thumb Code    78  porttimer_m.o(i.vMBMasterPortTimersRespondTimeoutEnable)
    vMBMasterPortTimersT35Enable             0x0800e945   Thumb Code    80  porttimer_m.o(i.vMBMasterPortTimersT35Enable)
    vMBMasterSetCurTimerMode                 0x0800e99d   Thumb Code     6  mbrtu_m.o(i.vMBMasterSetCurTimerMode)
    vMBMasterSetIsBusy                       0x0800e9a9   Thumb Code     6  mb_m.o(i.vMBMasterSetIsBusy)
    wrq_recv_callback                        0x0800e9b5   Thumb Code   198  tftpserver.o(i.wrq_recv_callback)
    xMBMasterPortEventGet                    0x0800ea81   Thumb Code    28  portevent_m.o(i.xMBMasterPortEventGet)
    xMBMasterPortEventInit                   0x0800eaa1   Thumb Code    10  portevent_m.o(i.xMBMasterPortEventInit)
    xMBMasterPortEventPost                   0x0800eab1   Thumb Code    16  portevent_m.o(i.xMBMasterPortEventPost)
    xMBMasterPortSerialGetByte               0x0800eac5   Thumb Code    16  portserial_m.o(i.xMBMasterPortSerialGetByte)
    xMBMasterPortSerialInit                  0x0800ead9   Thumb Code   270  portserial_m.o(i.xMBMasterPortSerialInit)
    xMBMasterPortSerialPutByte               0x0800ebf5   Thumb Code    16  portserial_m.o(i.xMBMasterPortSerialPutByte)
    xMBMasterPortTimersInit                  0x0800ec09   Thumb Code   100  porttimer_m.o(i.xMBMasterPortTimersInit)
    xMBMasterRTUReceiveFSM                   0x0800ec75   Thumb Code   140  mbrtu_m.o(i.xMBMasterRTUReceiveFSM)
    xMBMasterRTUTimerExpired                 0x0800ed09   Thumb Code   112  mbrtu_m.o(i.xMBMasterRTUTimerExpired)
    xMBMasterRTUTransmitFSM                  0x0800ed7d   Thumb Code   130  mbrtu_m.o(i.xMBMasterRTUTransmitFSM)
    tcp_state_str                            0x0800ee2c   Data          44  tcp.o(.constdata)
    tcp_backoff                              0x0800ee58   Data          13  tcp.o(.constdata)
    tcp_persist_backoff                      0x0800ee65   Data           7  tcp.o(.constdata)
    tcp_pcb_lists                            0x0800ee6c   Data          16  tcp.o(.constdata)
    ip_addr_any                              0x0800ee7c   Data           4  ip_addr.o(.constdata)
    ip_addr_broadcast                        0x0800ee80   Data           4  ip_addr.o(.constdata)
    ethbroadcast                             0x0800ee84   Data           6  etharp.o(.constdata)
    ethzero                                  0x0800ee8a   Data           6  etharp.o(.constdata)
    Region$$Table$$Base                      0x0800ef8c   Number         0  anon$$obj.o(Region$$Table)
    Region$$Table$$Limit                     0x0800efac   Number         0  anon$$obj.o(Region$$Table)
    TCPTimer                                 0x20000000   Data           4  netconf.o(.data)
    ARPTimer                                 0x20000004   Data           4  netconf.o(.data)
    DHCPfineTimer                            0x20000008   Data           4  netconf.o(.data)
    DHCPcoarseTimer                          0x2000000c   Data           4  netconf.o(.data)
    LedToggle                                0x20000014   Data           1  netconf.o(.data)
    Server                                   0x20000015   Data           1  netconf.o(.data)
    macaddress                               0x20000016   Data           6  netconf.o(.data)
    Tcplink                                  0x2000001c   Data           1  client_tcpudp.o(.data)
    Udplink                                  0x2000001d   Data           1  client_tcpudp.o(.data)
    retry_TCP_connect                        0x20000020   Data           4  client_tcpudp.o(.data)
    SystemRunTime                            0x20000024   Data           4  client_tcpudp.o(.data)
    TCPCreatTrm                              0x20000028   Data           4  client_tcpudp.o(.data)
    RunSecTimer                              0x2000002c   Data           4  client_tcpudp.o(.data)
    cansent                                  0x20000030   Data           1  client_tcpudp.o(.data)
    TcpRecvLenth                             0x20000034   Data           4  client_tcpudp.o(.data)
    Data                                     0x20000038   Data           2  client_tcpudp.o(.data)
    Data1                                    0x2000003a   Data           2  client_tcpudp.o(.data)
    Statues_MB                               0x2000003c   Data           1  client_tcpudp.o(.data)
    SeverIP                                  0x2000003d   Data           4  client_tcpudp.o(.data)
    SeverPORT                                0x20000044   Data           4  client_tcpudp.o(.data)
    Mb2TcpLenth                              0x20000048   Data           4  client_tcpudp.o(.data)
    num                                      0x2000004c   Data           1  client_tcpudp.o(.data)
    num1                                     0x2000004d   Data           1  client_tcpudp.o(.data)
    TCPSentCreatTrm                          0x20000050   Data           4  client_tcpudp.o(.data)
    num2                                     0x20000054   Data           1  client_tcpudp.o(.data)
    wpcb                                     0x20000058   Data           4  client_tcpudp.o(.data)
    upcb                                     0x2000005c   Data           4  client_tcpudp.o(.data)
    tftp_errorcode_string                    0x20000060   Data          32  tftpserver.o(.data)
    tftptimeoutTimer                         0x20000080   Data           1  tftpserver.o(.data)
    tftptimeout                              0x20000081   Data           1  tftpserver.o(.data)
    Timeoutargs                              0x20000084   Data           4  tftpserver.o(.data)
    Timeoutupcb                              0x20000088   Data           4  tftpserver.o(.data)
    Timeoutaddr                              0x2000008c   Data           4  tftpserver.o(.data)
    Timeoutport                              0x20000090   Data           2  tftpserver.o(.data)
    Timeoutportpkt_buf                       0x20000094   Data           4  tftpserver.o(.data)
    UDPpcb                                   0x20000098   Data           4  tftpserver.o(.data)
    time_run                                 0x200000a0   Data           4  ds18b20srom.o(.data)
    TempCreatTrm                             0x200000a4   Data           4  ds18b20srom.o(.data)
    Day                                      0x200000a8   Data           2  ds18b20srom.o(.data)
    Count_mail                               0x200000aa   Data           2  ds18b20srom.o(.data)
    Assic                                    0x200000ac   Data           6  ds18b20srom.o(.data)
    LocalTime                                0x200000b4   Data           4  main.o(.data)
    poll_net_data_lock                       0x200000b8   Data           1  main.o(.data)
    timingdelay                              0x200000bc   Data           4  main.o(.data)
    ipaddr_sever                             0x200000c0   Data           4  main.o(.data)
    port_sever                               0x200000c4   Data           2  main.o(.data)
    iap_mode                                 0x200000c8   Data           4  main.o(.data)
    DMATxDescToSet                           0x200000e0   Data           4  stm32_eth.o(.data)
    DMARxDescToGet                           0x200000e4   Data           4  stm32_eth.o(.data)
    DMAPTPTxDescToSet                        0x200000e8   Data           4  stm32_eth.o(.data)
    DMAPTPRxDescToGet                        0x200000ec   Data           4  stm32_eth.o(.data)
    mf                                       0x20000100   Data           4  memp.o(.data)
    netif_list                               0x20000104   Data           4  netif.o(.data)
    netif_default                            0x20000108   Data           4  netif.o(.data)
    tcp_ticks                                0x2000011c   Data           4  tcp.o(.data)
    tcp_bound_pcbs                           0x20000120   Data           4  tcp.o(.data)
    tcp_listen_pcbs                          0x20000124   Data           4  tcp.o(.data)
    tcp_active_pcbs                          0x20000128   Data           4  tcp.o(.data)
    tcp_tw_pcbs                              0x2000012c   Data           4  tcp.o(.data)
    tcp_tmp_pcb                              0x20000130   Data           4  tcp.o(.data)
    tcp_active_pcbs_changed                  0x20000134   Data           1  tcp.o(.data)
    tcp_input_pcb                            0x20000154   Data           4  tcp_in.o(.data)
    udp_pcbs                                 0x2000015c   Data           4  udp.o(.data)
    current_netif                            0x20000160   Data           4  ip.o(.data)
    current_header                           0x20000164   Data           4  ip.o(.data)
    current_iphdr_src                        0x20000168   Data           4  ip.o(.data)
    current_iphdr_dest                       0x2000016c   Data           4  ip.o(.data)
    DMATxDesc                                0x2000017c   Data           4  ethernetif.o(.data)
    tcp_end_time                             0x20000180   Data           4  ethernetif.o(.data)
    arp_end_time                             0x20000184   Data           4  ethernetif.o(.data)
    MACaddr                                  0x20000188   Data           6  ethernetif.o(.data)
    SDcard                                   0x20000190   Data           1  sd.o(.data)
    max_clock                                0x20000194   Data           4  sd.o(.data)
    pxMBMasterFrameCBByteReceived            0x200001bc   Data           4  mb_m.o(.data)
    pxMBMasterFrameCBTransmitterEmpty        0x200001c0   Data           4  mb_m.o(.data)
    pxMBMasterPortCBTimerExpired             0x200001c4   Data           4  mb_m.o(.data)
    pxMBMasterFrameCBReceiveFSMCur           0x200001c8   Data           4  mb_m.o(.data)
    pxMBMasterFrameCBTransmitFSMCur          0x200001cc   Data           4  mb_m.o(.data)
    DevIndex                                 0x200001e4   Data           4  modbus_main.o(.data)
    Tick                                     0x200001f8   Data           4  modbus_main.o(.data)
    MasterCallTrm                            0x200001fc   Data           4  modbus_main.o(.data)
    RxSi4432Len                              0x2000020a   Data           1  si4432.o(.data)
    RSSI                                     0x2000020b   Data           1  si4432.o(.data)
    netif                                    0x2000020c   Data          56  netconf.o(.bss)
    Udpbuf                                   0x20000820   Data          10  client_tcpudp.o(.bss)
    UID_STM32                                0x2000082a   Data          16  client_tcpudp.o(.bss)
    TcpRecvBuf                               0x2000083a   Data        1500  client_tcpudp.o(.bss)
    Mb2TcpBuff                               0x20000e16   Data         256  client_tcpudp.o(.bss)
    efs1                                     0x20000f18   Data         692  tftpserver.o(.bss)
    efs2                                     0x200011cc   Data         692  tftpserver.o(.bss)
    list1                                    0x20001480   Data          52  tftpserver.o(.bss)
    list2                                    0x200014b4   Data          52  tftpserver.o(.bss)
    file_SD                                  0x200014e8   Data          80  tftpserver.o(.bss)
    file_CR                                  0x20001538   Data          80  tftpserver.o(.bss)
    flash_net_buf                            0x20001588   Data          16  main.o(.bss)
    dhcp_rx_options_val                      0x20001598   Data          40  dhcp.o(.bss)
    dhcp_rx_options_given                    0x200015c0   Data          10  dhcp.o(.bss)
    ram_heap                                 0x200015ca   Data        6164  mem.o(.bss)
    inf                                      0x20002dde   Data         100  mem.o(.bss)
    lwip_stats                               0x20009708   Data         268  stats.o(.bss)
    DMARxDscrTab                             0x200098ec   Data          64  ethernetif.o(.bss)
    DMATxDscrTab                             0x2000992c   Data          32  ethernetif.o(.bss)
    Rx_Buff                                  0x2000994c   Data        6080  ethernetif.o(.bss)
    Tx_Buff                                  0x2000b10c   Data        3040  ethernetif.o(.bss)
    Eth_Buff                                 0x2000bcec   Data        1500  ethernetif.o(.bss)
    frameds                                  0x2000c2c8   Data          12  ethernetif.o(.bss)
    smtp_Tcp_count                           0x2000c2d4   Data          40  smtp.o(.bss)
    TCP2RS485CMDLIST                         0x2000c63d   Data        1400  modbus_main.o(.bss)
    RX_Buf                                   0x2000cbb5   Data          64  si4432.o(.bss)
    __initial_sp                             0x2000cff8   Data           0  startup_stm32f10x_cl.o(STACK)



==============================================================================

Memory Map of the image

  Image Entry point : 0x08000151

  Load Region LR_IROM1 (Base: 0x08000000, Size: 0x0000f1b8, Max: 0x00040000, ABSOLUTE, COMPRESSED[0x0000f008])

    Execution Region ER_IROM1 (Base: 0x08000000, Size: 0x0000efac, Max: 0x00040000, ABSOLUTE)

    Base Addr    Size         Type   Attr      Idx    E Section Name        Object

    0x08000000   0x00000150   Data   RO         6357    RESET               startup_stm32f10x_cl.o
    0x08000150   0x00000000   Code   RO         8429  * .ARM.Collect$$$$00000000  entry.o(mc_w.l)
    0x08000150   0x00000004   Code   RO         8723    .ARM.Collect$$$$00000001  entry2.o(mc_w.l)
    0x08000154   0x00000004   Code   RO         8726    .ARM.Collect$$$$00000004  entry5.o(mc_w.l)
    0x08000158   0x00000008   Code   RO         8727    .ARM.Collect$$$$00000007  entry7.o(mc_w.l)
    0x08000160   0x00000004   Code   RO         8724    .ARM.Collect$$$$00002712  entry2.o(mc_w.l)
    0x08000164   0x00000002   Code   RO          171    .emb_text           stm32f10x_it.o
    0x08000166   0x00000002   PAD
    0x08000168   0x00000024   Code   RO         6358    .text               startup_stm32f10x_cl.o
    0x0800018c   0x00000024   Code   RO         8432    .text               memcpya.o(mc_w.l)
    0x080001b0   0x00000026   Code   RO         8434    .text               memseta.o(mc_w.l)
    0x080001d6   0x00000010   Code   RO         8440    .text               strlen.o(mc_w.l)
    0x080001e6   0x00000014   Code   RO         8444    .text               memchr.o(mc_w.l)
    0x080001fa   0x0000001a   Code   RO         8446    .text               memcmp.o(mc_w.l)
    0x08000214   0x00000012   Code   RO         8448    .text               strcpy.o(mc_w.l)
    0x08000226   0x0000001e   Code   RO         8450    .text               strncmp.o(mc_w.l)
    0x08000244   0x0000002c   Code   RO         8731    .text               uidiv.o(mc_w.l)
    0x08000270   0x00000024   Code   RO         8785    .text               init.o(mc_w.l)
    0x08000294   0x0000005e   Code   RO         8802    .text               __dczerorl2.o(mc_w.l)
    0x080002f2   0x00000004   Code   RO          172    i.BusFault_Handler  stm32f10x_it.o
    0x080002f6   0x00000018   Code   RO         8337    i.Check_si4432_HW   si4432.o
    0x0800030e   0x00000002   Code   RO          173    i.DebugMon_Handler  stm32f10x_it.o
    0x08000310   0x00000034   Code   RO          826    i.Delay_init        ds18b20srom.o
    0x08000344   0x00000034   Code   RO          828    i.Delay_us          ds18b20srom.o
    0x08000378   0x0000000c   Code   RO         8338    i.DrvSYS_Delay      si4432.o
    0x08000384   0x0000000c   Code   RO         4119    i.ETH_DMAClearITPendingBit  stm32_eth.o
    0x08000390   0x00000020   Code   RO         4120    i.ETH_DMAITConfig   stm32_eth.o
    0x080003b0   0x00000024   Code   RO         4123    i.ETH_DMAReceptionCmd  stm32_eth.o
    0x080003d4   0x00000050   Code   RO         4124    i.ETH_DMARxDescChainInit  stm32_eth.o
    0x08000424   0x00000016   Code   RO         4126    i.ETH_DMARxDescReceiveITConfig  stm32_eth.o
    0x0800043a   0x00000002   PAD
    0x0800043c   0x00000024   Code   RO         4129    i.ETH_DMATransmissionCmd  stm32_eth.o
    0x08000460   0x0000004c   Code   RO         4132    i.ETH_DMATxDescChainInit  stm32_eth.o
    0x080004ac   0x00000016   Code   RO         4141    i.ETH_DeInit        stm32_eth.o
    0x080004c2   0x0000000e   Code   RO         4142    i.ETH_Delay         stm32_eth.o
    0x080004d0   0x00000014   Code   RO         4147    i.ETH_FlushTransmitFIFO  stm32_eth.o
    0x080004e4   0x0000000c   Code   RO         6271    i.ETH_GetCurrentTxBuffer  ethernetif.o
    0x080004f0   0x0000000a   Code   RO         4158    i.ETH_GetDMARxDescFrameLength  stm32_eth.o
    0x080004fa   0x00000002   PAD
    0x080004fc   0x00000048   Code   RO         4173    i.ETH_GetRxPktSize  stm32_eth.o
    0x08000544   0x00000018   Code   RO         4174    i.ETH_GetSoftwareResetStatus  stm32_eth.o
    0x0800055c   0x00000012   Code   RO          174    i.ETH_IRQHandler    stm32f10x_it.o
    0x0800056e   0x00000002   PAD
    0x08000570   0x00000258   Code   RO         4181    i.ETH_Init          stm32_eth.o
    0x080007c8   0x00000034   Code   RO         4184    i.ETH_MACAddressConfig  stm32_eth.o
    0x080007fc   0x00000024   Code   RO         4189    i.ETH_MACReceptionCmd  stm32_eth.o
    0x08000820   0x00000024   Code   RO         4190    i.ETH_MACTransmissionCmd  stm32_eth.o
    0x08000844   0x00000060   Code   RO         4201    i.ETH_ReadPHYRegister  stm32_eth.o
    0x080008a4   0x0000002c   Code   RO         6272    i.ETH_Recive_Poll   ethernetif.o
    0x080008d0   0x000000a0   Code   RO         6273    i.ETH_RxPkt_ChainMode  ethernetif.o
    0x08000970   0x00000014   Code   RO         4212    i.ETH_SoftwareReset  stm32_eth.o
    0x08000984   0x00000020   Code   RO         4213    i.ETH_Start         stm32_eth.o
    0x080009a4   0x000000a4   Code   RO         4214    i.ETH_StructInit    stm32_eth.o
    0x08000a48   0x000000b4   Code   RO         6274    i.ETH_TxPkt_ChainMode  ethernetif.o
    0x08000afc   0x0000005c   Code   RO         4216    i.ETH_WritePHYRegister  stm32_eth.o
    0x08000b58   0x00000004   Code   RO         8210    i.EnterCriticalSection  port.o
    0x08000b5c   0x00000088   Code   RO          249    i.Ethernet_Configuration  stm32f107.o
    0x08000be4   0x00000004   Code   RO         8211    i.ExitCriticalSection  port.o
    0x08000be8   0x0000004c   Code   RO         1940    i.FLASH_ErasePage   stm32f10x_flash.o
    0x08000c34   0x00000038   Code   RO         1941    i.FLASH_GetBank1Status  stm32f10x_flash.o
    0x08000c6c   0x00000028   Code   RO         8228    i.FLASH_If_DataFlashRead  flash_if.o
    0x08000c94   0x00000040   Code   RO         8229    i.FLASH_If_DataFlashWrite  flash_if.o
    0x08000cd4   0x0000000c   Code   RO         8231    i.FLASH_If_Init     flash_if.o
    0x08000ce0   0x00000064   Code   RO         1955    i.FLASH_ProgramWord  stm32f10x_flash.o
    0x08000d44   0x00000018   Code   RO         1958    i.FLASH_Unlock      stm32f10x_flash.o
    0x08000d5c   0x00000026   Code   RO         1962    i.FLASH_WaitForLastOperation  stm32f10x_flash.o
    0x08000d82   0x00000004   Code   RO          506    i.FS_Write          filesystem.o
    0x08000d86   0x00000002   PAD
    0x08000d88   0x0000010c   Code   RO          250    i.GPIO_Configuration  stm32f107.o
    0x08000e94   0x0000000c   Code   RO         2234    i.GPIO_ETH_MediaInterfaceConfig  stm32f10x_gpio.o
    0x08000ea0   0x00000110   Code   RO         2238    i.GPIO_Init         stm32f10x_gpio.o
    0x08000fb0   0x0000008c   Code   RO         2240    i.GPIO_PinRemapConfig  stm32f10x_gpio.o
    0x0800103c   0x00000012   Code   RO         2242    i.GPIO_ReadInputDataBit  stm32f10x_gpio.o
    0x0800104e   0x00000004   Code   RO         2245    i.GPIO_ResetBits    stm32f10x_gpio.o
    0x08001052   0x00000004   Code   RO         2246    i.GPIO_SetBits      stm32f10x_gpio.o
    0x08001056   0x00000002   PAD
    0x08001058   0x00000090   Code   RO         8233    i.GetIpFromFlash    flash_if.o
    0x080010e8   0x00000048   Code   RO            1    i.GetMacAddr        netconf.o
    0x08001130   0x0000016c   Code   RO         5009    i.Getmeminf         mem.o
    0x0800129c   0x0000000a   Code   RO          175    i.HardFault_Handler  stm32f10x_it.o
    0x080012a6   0x0000009a   Code   RO         1024    i.InitTIM           main.o
    0x08001340   0x0000005c   Code   RO            2    i.LwIP_Init         netconf.o
    0x0800139c   0x00000070   Code   RO            3    i.LwIP_Periodic_Handle  netconf.o
    0x0800140c   0x00000010   Code   RO            4    i.LwIP_Pkt_Handle   netconf.o
    0x0800141c   0x0000003e   Code   RO         8028    i.Master_Send       modbus_main.o
    0x0800145a   0x00000004   Code   RO          176    i.MemManage_Handler  stm32f10x_it.o
    0x0800145e   0x00000002   PAD
    0x08001460   0x000001e8   Code   RO         8029    i.ModbusSenttset    modbus_main.o
    0x08001648   0x00000002   Code   RO          177    i.NMI_Handler       stm32f10x_it.o
    0x0800164a   0x0000003e   Code   RO          251    i.NVIC_Configuration  stm32f107.o
    0x08001688   0x00000084   Code   RO         1063    i.NVIC_Init         misc.o
    0x0800170c   0x00000014   Code   RO         1064    i.NVIC_PriorityGroupConfig  misc.o
    0x08001720   0x00000028   Code   RO          252    i.NVIC_SetPriority  stm32f107.o
    0x08001748   0x00000014   Code   RO         1065    i.NVIC_SetVectorTable  misc.o
    0x0800175c   0x00000002   Code   RO          178    i.PendSV_Handler    stm32f10x_it.o
    0x0800175e   0x00000002   PAD
    0x08001760   0x00000020   Code   RO         2656    i.RCC_AHBPeriphClockCmd  stm32f10x_rcc.o
    0x08001780   0x00000020   Code   RO         2657    i.RCC_AHBPeriphResetCmd  stm32f10x_rcc.o
    0x080017a0   0x00000020   Code   RO         2658    i.RCC_APB1PeriphClockCmd  stm32f10x_rcc.o
    0x080017c0   0x00000020   Code   RO         2660    i.RCC_APB2PeriphClockCmd  stm32f10x_rcc.o
    0x080017e0   0x0000018c   Code   RO         2668    i.RCC_GetClocksFreq  stm32f10x_rcc.o
    0x0800196c   0x0000000c   Code   RO         2680    i.RCC_MCOConfig     stm32f10x_rcc.o
    0x08001978   0x00000018   Code   RO         8339    i.RE_RSSI           si4432.o
    0x08001990   0x00000054   Code   RO         6275    i.Read_Eth_Packet   ethernetif.o
    0x080019e4   0x0000005c   Code   RO         8340    i.SI4432_init       si4432.o
    0x08001a40   0x00000018   Code   RO         3196    i.SPI_Cmd           stm32f10x_spi.o
    0x08001a58   0x00000098   Code   RO         7420    i.SPI_Config        sd_stm32.o
    0x08001af0   0x00000012   Code   RO         3204    i.SPI_I2S_GetFlagStatus  stm32f10x_spi.o
    0x08001b02   0x00000006   Code   RO         3207    i.SPI_I2S_ReceiveData  stm32f10x_spi.o
    0x08001b08   0x00000004   Code   RO         3208    i.SPI_I2S_SendData  stm32f10x_spi.o
    0x08001b0c   0x0000003c   Code   RO         3209    i.SPI_Init          stm32f10x_spi.o
    0x08001b48   0x00000002   Code   RO          179    i.SVC_Handler       stm32f10x_it.o
    0x08001b4a   0x00000002   PAD
    0x08001b4c   0x00000074   Code   RO          318    i.SendDataToSever   client_tcpudp.o
    0x08001bc0   0x00000008   Code   RO         6362    i.SetSysClock       system_stm32f10x.o
    0x08001bc8   0x00000100   Code   RO         6363    i.SetSysClockTo72   system_stm32f10x.o
    0x08001cc8   0x0000002c   Code   RO         6276    i.Set_MAC_Address   ethernetif.o
    0x08001cf4   0x00000358   Code   RO         8341    i.Si4432RegisterSetV26  si4432.o
    0x0800204c   0x00000108   Code   RO          319    i.Si4432SendDataToSever  client_tcpudp.o
    0x08002154   0x00000030   Code   RO         8342    i.Si4432Thread      si4432.o
    0x08002184   0x00000024   Code   RO          320    i.SynruntimHook     client_tcpudp.o
    0x080021a8   0x00000008   Code   RO          180    i.SysTick_Handler   stm32f10x_it.o
    0x080021b0   0x0000006c   Code   RO         6365    i.SystemInit        system_stm32f10x.o
    0x0800221c   0x00000080   Code   RO          253    i.System_Setup      stm32f107.o
    0x0800229c   0x00000034   Code   RO         1025    i.TIM2_IRQHandler   main.o
    0x080022d0   0x00000028   Code   RO         8082    i.TIM3_IRQHandler   porttimer_m.o
    0x080022f8   0x00000018   Code   RO         3339    i.TIM_ARRPreloadConfig  stm32f10x_tim.o
    0x08002310   0x00000006   Code   RO         3345    i.TIM_ClearFlag     stm32f10x_tim.o
    0x08002316   0x00000006   Code   RO         3346    i.TIM_ClearITPendingBit  stm32f10x_tim.o
    0x0800231c   0x00000018   Code   RO         3351    i.TIM_Cmd           stm32f10x_tim.o
    0x08002334   0x00000022   Code   RO         3372    i.TIM_GetITStatus   stm32f10x_tim.o
    0x08002356   0x00000018   Code   RO         3376    i.TIM_ITConfig      stm32f10x_tim.o
    0x0800236e   0x00000004   Code   RO         3416    i.TIM_SetCounter    stm32f10x_tim.o
    0x08002372   0x00000002   PAD
    0x08002374   0x000000a4   Code   RO         3422    i.TIM_TimeBaseInit  stm32f10x_tim.o
    0x08002418   0x00000068   Code   RO          321    i.TcpTestThread     client_tcpudp.o
    0x08002480   0x0000005c   Code   RO          622    i.TftpTrm250ms      tftpserver.o
    0x080024dc   0x00000002   Code   RO         1026    i.Time_Update       main.o
    0x080024de   0x00000002   PAD
    0x080024e0   0x00000050   Code   RO         8131    i.USART2_IRQHandler  portserial_m.o
    0x08002530   0x0000001e   Code   RO         3884    i.USART_ClearITPendingBit  stm32f10x_usart.o
    0x0800254e   0x00000018   Code   RO         3887    i.USART_Cmd         stm32f10x_usart.o
    0x08002566   0x00000054   Code   RO         3891    i.USART_GetITStatus  stm32f10x_usart.o
    0x080025ba   0x00000048   Code   RO         3893    i.USART_ITConfig    stm32f10x_usart.o
    0x08002602   0x00000002   PAD
    0x08002604   0x000000d8   Code   RO         3894    i.USART_Init        stm32f10x_usart.o
    0x080026dc   0x0000000a   Code   RO         3901    i.USART_ReceiveData  stm32f10x_usart.o
    0x080026e6   0x00000008   Code   RO         3904    i.USART_SendData    stm32f10x_usart.o
    0x080026ee   0x00000004   Code   RO          181    i.UsageFault_Handler  stm32f10x_it.o
    0x080026f2   0x00000002   PAD
    0x080026f4   0x00000010   Code   RO         4065    i.WWDG_Enable       stm32f10x_wwdg.o
    0x08002704   0x00000010   Code   RO         4068    i.WWDG_SetCounter   stm32f10x_wwdg.o
    0x08002714   0x00000020   Code   RO         4069    i.WWDG_SetPrescaler  stm32f10x_wwdg.o
    0x08002734   0x00000024   Code   RO         4070    i.WWDG_SetWindowValue  stm32f10x_wwdg.o
    0x08002758   0x0000002c   Code   RO         8234    i.WriteIpToFlash    flash_if.o
    0x08002784   0x00000028   Code   RO         8611    i.__0sprintf$6      printf6.o(mc_w.l)
    0x080027ac   0x0000000e   Code   RO         8796    i.__scatterload_copy  handlers.o(mc_w.l)
    0x080027ba   0x00000002   Code   RO         8797    i.__scatterload_null  handlers.o(mc_w.l)
    0x080027bc   0x0000000e   Code   RO         8798    i.__scatterload_zeroinit  handlers.o(mc_w.l)
    0x080027ca   0x00000002   PAD
    0x080027cc   0x00000300   Code   RO         8616    i._printf_core      printf6.o(mc_w.l)
    0x08002acc   0x00000026   Code   RO         8617    i._printf_post_padding  printf6.o(mc_w.l)
    0x08002af2   0x0000002e   Code   RO         8618    i._printf_pre_padding  printf6.o(mc_w.l)
    0x08002b20   0x0000000a   Code   RO         8620    i._sputc            printf6.o(mc_w.l)
    0x08002b2a   0x00000014   Code   RO         8343    i.clr_interruput_si4432  si4432.o
    0x08002b3e   0x00000058   Code   RO         7314    i.crc7              sd.o
    0x08002b96   0x00000030   Code   RO         4755    i.dhcp_arp_reply    dhcp.o
    0x08002bc6   0x000000ec   Code   RO         4756    i.dhcp_bind         dhcp.o
    0x08002cb2   0x00000038   Code   RO         4757    i.dhcp_check        dhcp.o
    0x08002cea   0x00000002   PAD
    0x08002cec   0x0000004c   Code   RO         4759    i.dhcp_coarse_tmr   dhcp.o
    0x08002d38   0x00000170   Code   RO         4760    i.dhcp_create_msg   dhcp.o
    0x08002ea8   0x00000084   Code   RO         4761    i.dhcp_decline      dhcp.o
    0x08002f2c   0x0000003a   Code   RO         4762    i.dhcp_delete_msg   dhcp.o
    0x08002f66   0x00000002   PAD
    0x08002f68   0x000000b8   Code   RO         4763    i.dhcp_discover     dhcp.o
    0x08003020   0x00000044   Code   RO         4764    i.dhcp_fine_tmr     dhcp.o
    0x08003064   0x00000078   Code   RO         4765    i.dhcp_handle_ack   dhcp.o
    0x080030dc   0x00000038   Code   RO         4766    i.dhcp_handle_nak   dhcp.o
    0x08003114   0x0000002c   Code   RO         4767    i.dhcp_handle_offer  dhcp.o
    0x08003140   0x0000002e   Code   RO         4770    i.dhcp_option       dhcp.o
    0x0800316e   0x0000001c   Code   RO         4771    i.dhcp_option_byte  dhcp.o
    0x0800318a   0x00000066   Code   RO         4772    i.dhcp_option_hostname  dhcp.o
    0x080031f0   0x0000004e   Code   RO         4773    i.dhcp_option_long  dhcp.o
    0x0800323e   0x0000002e   Code   RO         4774    i.dhcp_option_short  dhcp.o
    0x0800326c   0x0000005a   Code   RO         4775    i.dhcp_option_trailer  dhcp.o
    0x080032c6   0x00000002   PAD
    0x080032c8   0x000003a8   Code   RO         4776    i.dhcp_parse_reply  dhcp.o
    0x08003670   0x00000090   Code   RO         4777    i.dhcp_rebind       dhcp.o
    0x08003700   0x000000a8   Code   RO         4778    i.dhcp_reboot       dhcp.o
    0x080037a8   0x00000130   Code   RO         4779    i.dhcp_recv         dhcp.o
    0x080038d8   0x000000a4   Code   RO         4780    i.dhcp_release      dhcp.o
    0x0800397c   0x0000008c   Code   RO         4781    i.dhcp_renew        dhcp.o
    0x08003a08   0x000000f4   Code   RO         4782    i.dhcp_select       dhcp.o
    0x08003afc   0x00000010   Code   RO         4783    i.dhcp_set_state    dhcp.o
    0x08003b0c   0x000000ec   Code   RO         4785    i.dhcp_start        dhcp.o
    0x08003bf8   0x00000044   Code   RO         4786    i.dhcp_stop         dhcp.o
    0x08003c3c   0x00000020   Code   RO         4787    i.dhcp_t1_timeout   dhcp.o
    0x08003c5c   0x00000020   Code   RO         4788    i.dhcp_t2_timeout   dhcp.o
    0x08003c7c   0x000000a4   Code   RO         4789    i.dhcp_timeout      dhcp.o
    0x08003d20   0x0000006e   Code   RO         6396    i.dir_addCluster    dir.o
    0x08003d8e   0x00000036   Code   RO         6397    i.dir_createDefaultEntry  dir.o
    0x08003dc4   0x00000030   Code   RO         6398    i.dir_createDirectoryEntry  dir.o
    0x08003df4   0x0000006c   Code   RO         6399    i.dir_findFileinBuf  dir.o
    0x08003e60   0x00000048   Code   RO         6400    i.dir_findFreeEntryinBuf  dir.o
    0x08003ea8   0x00000030   Code   RO         6401    i.dir_findinBuf     dir.o
    0x08003ed8   0x00000078   Code   RO         6402    i.dir_findinCluster  dir.o
    0x08003f50   0x0000006c   Code   RO         6403    i.dir_findinDir     dir.o
    0x08003fbc   0x00000086   Code   RO         6404    i.dir_findinRootArea  dir.o
    0x08004042   0x00000048   Code   RO         6405    i.dir_getFatFileName  dir.o
    0x0800408a   0x00000030   Code   RO         6406    i.dir_getFileStructure  dir.o
    0x080040ba   0x0000002a   Code   RO         6407    i.dir_setFileSize   dir.o
    0x080040e4   0x00000034   Code   RO         6408    i.dir_setFirstCluster  dir.o
    0x08004118   0x00000032   Code   RO         6409    i.dir_updateDirectoryEntry  dir.o
    0x0800414a   0x00000014   Code   RO         6489    i.disc_initDisc     disc.o
    0x0800415e   0x0000003c   Code   RO         6490    i.disc_loadMBR      disc.o
    0x0800419a   0x00000002   PAD
    0x0800419c   0x00000028   Code   RO         7815    i.eMBMasterEnable   mb_m.o
    0x080041c4   0x000000a4   Code   RO         7816    i.eMBMasterInit     mb_m.o
    0x08004268   0x00000150   Code   RO         7817    i.eMBMasterPoll     mb_m.o
    0x080043b8   0x00000054   Code   RO         7920    i.eMBMasterRTUInit  mbrtu_m.o
    0x0800440c   0x0000003c   Code   RO         7921    i.eMBMasterRTUReceive  mbrtu_m.o
    0x08004448   0x0000004c   Code   RO         7922    i.eMBMasterRTUSend  mbrtu_m.o
    0x08004494   0x00000024   Code   RO         7923    i.eMBMasterRTUStart  mbrtu_m.o
    0x080044b8   0x00000018   Code   RO         7924    i.eMBMasterRTUStop  mbrtu_m.o
    0x080044d0   0x0000007a   Code   RO         6510    i.efs_init          efs.o
    0x0800454a   0x00000002   PAD
    0x0800454c   0x00000188   Code   RO         6180    i.etharp_arp_input  etharp.o
    0x080046d4   0x00000038   Code   RO         6181    i.etharp_cleanup_netif  etharp.o
    0x0800470c   0x000001b4   Code   RO         6183    i.etharp_find_entry  etharp.o
    0x080048c0   0x00000040   Code   RO         6184    i.etharp_free_entry  etharp.o
    0x08004900   0x0000017c   Code   RO         6185    i.etharp_output     etharp.o
    0x08004a7c   0x00000080   Code   RO         6186    i.etharp_output_to_arp_index  etharp.o
    0x08004afc   0x000001cc   Code   RO         6187    i.etharp_query      etharp.o
    0x08004cc8   0x0000010c   Code   RO         6188    i.etharp_raw        etharp.o
    0x08004dd4   0x0000002c   Code   RO         6189    i.etharp_request    etharp.o
    0x08004e00   0x00000042   Code   RO         6190    i.etharp_send_ip    etharp.o
    0x08004e42   0x00000002   PAD
    0x08004e44   0x0000008c   Code   RO         6191    i.etharp_tmr        etharp.o
    0x08004ed0   0x000000cc   Code   RO         6192    i.etharp_update_arp_entry  etharp.o
    0x08004f9c   0x000000ec   Code   RO         6193    i.ethernet_input    etharp.o
    0x08005088   0x00000058   Code   RO         6277    i.ethernetif_init   ethernetif.o
    0x080050e0   0x0000002c   Code   RO         6278    i.ethernetif_input  ethernetif.o
    0x0800510c   0x0000004c   Code   RO         6525    i.ex_getPartitionField  extract.o
    0x08005158   0x00000010   Code   RO         6526    i.ex_getb16         extract.o
    0x08005168   0x0000001e   Code   RO         6527    i.ex_getb32         extract.o
    0x08005186   0x00000046   Code   RO         6567    i.fat_DiscToLogicCluster  fat.o
    0x080051cc   0x0000005c   Code   RO         6568    i.fat_LogicToDiscCluster  fat.o
    0x08005228   0x0000013a   Code   RO         6569    i.fat_allocClusterChain  fat.o
    0x08005362   0x00000038   Code   RO         6570    i.fat_countClustersInChain  fat.o
    0x0800539a   0x000000c0   Code   RO         6572    i.fat_getNextClusterAddress  fat.o
    0x0800545a   0x000000a0   Code   RO         6573    i.fat_getNextClusterAddressWBuf  fat.o
    0x080054fa   0x000000b0   Code   RO         6574    i.fat_getNextClusterChain  fat.o
    0x080055aa   0x00000050   Code   RO         6575    i.fat_getSectorAddressFatEntry  fat.o
    0x080055fa   0x0000002a   Code   RO         6576    i.fat_giveEocMarker  fat.o
    0x08005624   0x0000004c   Code   RO         6577    i.fat_isEocMarker   fat.o
    0x08005670   0x00000130   Code   RO         6578    i.fat_setNextClusterAddress  fat.o
    0x080057a0   0x000000f0   Code   RO         6579    i.fat_setNextClusterAddressWBuf  fat.o
    0x08005890   0x00000068   Code   RO         6660    i.file_fclose       file.o
    0x080058f8   0x0000027a   Code   RO         6661    i.file_fopen        file.o
    0x08005b72   0x0000011a   Code   RO         6662    i.file_fread        file.o
    0x08005c8c   0x00000160   Code   RO         6663    i.file_fwrite       file.o
    0x08005dec   0x0000000e   Code   RO         6664    i.file_getAttr      file.o
    0x08005dfa   0x00000032   Code   RO         6665    i.file_initFile     file.o
    0x08005e2c   0x00000096   Code   RO         6666    i.file_normalToFatName  file.o
    0x08005ec2   0x00000024   Code   RO         6667    i.file_read         file.o
    0x08005ee6   0x0000006e   Code   RO         6668    i.file_requiredCluster  file.o
    0x08005f54   0x00000024   Code   RO         6669    i.file_setAttr      file.o
    0x08005f78   0x00000014   Code   RO         6670    i.file_setpos       file.o
    0x08005f8c   0x00000044   Code   RO         6671    i.file_validateChar  file.o
    0x08005fd0   0x00000024   Code   RO         6672    i.file_write        file.o
    0x08005ff4   0x00000046   Code   RO         6744    i.fs_clearCluster   fs.o
    0x0800603a   0x00000038   Code   RO         6745    i.fs_clusterToSector  fs.o
    0x08006072   0x00000058   Code   RO         6746    i.fs_countDataSectors  fs.o
    0x080060ca   0x00000034   Code   RO         6747    i.fs_determineFatType  fs.o
    0x080060fe   0x000000d0   Code   RO         6748    i.fs_findFile       fs.o
    0x080061ce   0x0000002e   Code   RO         6749    i.fs_findFirstSectorRootDir  fs.o
    0x080061fc   0x00000070   Code   RO         6750    i.fs_findFreeFile   fs.o
    0x0800626c   0x00000010   Code   RO         6751    i.fs_flushFs        fs.o
    0x0800627c   0x00000012   Code   RO         6752    i.fs_getFirstClusterRootDir  fs.o
    0x0800628e   0x0000003c   Code   RO         6754    i.fs_getLastCluster  fs.o
    0x080062ca   0x00000026   Code   RO         6755    i.fs_getNextFreeCluster  fs.o
    0x080062f0   0x00000006   Code   RO         6756    i.fs_giveFreeClusterHint  fs.o
    0x080062f6   0x00000004   Code   RO         7266    i.fs_hasTimeSupport  time.o
    0x080062fa   0x00000010   Code   RO         6757    i.fs_initClusterChain  fs.o
    0x0800630a   0x0000000e   Code   RO         6758    i.fs_initCurrentDir  fs.o
    0x08006318   0x00000048   Code   RO         6759    i.fs_initFs         fs.o
    0x08006360   0x00000032   Code   RO         6760    i.fs_isValidFat     fs.o
    0x08006392   0x00000074   Code   RO         6761    i.fs_loadVolumeId   fs.o
    0x08006406   0x00000008   Code   RO         6763    i.fs_setFirstClusterInDirEntry  fs.o
    0x0800640e   0x0000000c   Code   RO         6765    i.fs_umount         fs.o
    0x0800641a   0x000000b2   Code   RO         6766    i.fs_verifySanity   fs.o
    0x080064cc   0x00000006   Code   RO         7315    i.get_spi_BaudRatePrescaler  sd.o
    0x080064d2   0x00000012   Code   RO         5885    i.icmp_dest_unreach  icmp.o
    0x080064e4   0x00000234   Code   RO         5886    i.icmp_input        icmp.o
    0x08006718   0x00000098   Code   RO         5887    i.icmp_send_response  icmp.o
    0x080067b0   0x00000012   Code   RO         5888    i.icmp_time_exceeded  icmp.o
    0x080067c2   0x0000004c   Code   RO         7421    i.if_initInterface  sd_stm32.o
    0x0800680e   0x00000018   Code   RO         7422    i.if_readBuf        sd_stm32.o
    0x08006826   0x00000002   PAD
    0x08006828   0x0000002c   Code   RO         7424    i.if_spiInit        sd_stm32.o
    0x08006854   0x00000050   Code   RO         7425    i.if_spiSend        sd_stm32.o
    0x080068a4   0x00000014   Code   RO         7426    i.if_writeBuf       sd_stm32.o
    0x080068b8   0x00000014   Code   RO         5930    i.inet_chksum       inet_chksum.o
    0x080068cc   0x00000056   Code   RO         5931    i.inet_chksum_pbuf  inet_chksum.o
    0x08006922   0x000000be   Code   RO         5932    i.inet_chksum_pseudo  inet_chksum.o
    0x080069e0   0x000000b4   Code   RO         8344    i.initsi4432        si4432.o
    0x08006a94   0x00000028   Code   RO         6889    i.ioman_decUseCnt   ioman.o
    0x08006abc   0x00000086   Code   RO         6890    i.ioman_directSectorRead  ioman.o
    0x08006b42   0x000000a8   Code   RO         6891    i.ioman_directSectorWrite  ioman.o
    0x08006bea   0x00000028   Code   RO         6892    i.ioman_findFreeSpot  ioman.o
    0x08006c12   0x00000074   Code   RO         6893    i.ioman_findOverallocableSpot  ioman.o
    0x08006c86   0x00000036   Code   RO         6894    i.ioman_findSectorInCache  ioman.o
    0x08006cbc   0x00000092   Code   RO         6895    i.ioman_findUnusedSpot  ioman.o
    0x08006d4e   0x0000006e   Code   RO         6897    i.ioman_flushRange  ioman.o
    0x08006dbc   0x00000060   Code   RO         6898    i.ioman_flushSector  ioman.o
    0x08006e1c   0x00000020   Code   RO         6899    i.ioman_getAttr     ioman.o
    0x08006e3c   0x0000002e   Code   RO         6900    i.ioman_getBp       ioman.o
    0x08006e6a   0x00000008   Code   RO         6901    i.ioman_getBuffer   ioman.o
    0x08006e72   0x00000018   Code   RO         6902    i.ioman_getPtr      ioman.o
    0x08006e8a   0x00000018   Code   RO         6903    i.ioman_getRefCnt   ioman.o
    0x08006ea2   0x00000144   Code   RO         6904    i.ioman_getSector   ioman.o
    0x08006fe6   0x00000018   Code   RO         6905    i.ioman_getUseCnt   ioman.o
    0x08006ffe   0x0000002a   Code   RO         6906    i.ioman_incRefCnt   ioman.o
    0x08007028   0x0000002a   Code   RO         6907    i.ioman_incUseCnt   ioman.o
    0x08007052   0x00000024   Code   RO         6908    i.ioman_init        ioman.o
    0x08007076   0x00000080   Code   RO         6909    i.ioman_pop         ioman.o
    0x080070f6   0x00000078   Code   RO         6911    i.ioman_push        ioman.o
    0x0800716e   0x0000004c   Code   RO         6912    i.ioman_putSectorInCache  ioman.o
    0x080071ba   0x0000002e   Code   RO         6913    i.ioman_readSector  ioman.o
    0x080071e8   0x0000005a   Code   RO         6914    i.ioman_releaseSector  ioman.o
    0x08007242   0x0000007a   Code   RO         6915    i.ioman_reset       ioman.o
    0x080072bc   0x00000024   Code   RO         6916    i.ioman_resetCacheItem  ioman.o
    0x080072e0   0x00000038   Code   RO         6919    i.ioman_setAttr     ioman.o
    0x08007318   0x00000030   Code   RO         6920    i.ioman_writeSector  ioman.o
    0x08007348   0x0000004e   Code   RO         6010    i.ip4_addr_isbroadcast  ip_addr.o
    0x08007396   0x00000002   PAD
    0x08007398   0x000001c0   Code   RO         6063    i.ip_frag           ip_frag.o
    0x08007558   0x0000000a   Code   RO         6064    i.ip_frag_alloc_pbuf_custom_ref  ip_frag.o
    0x08007562   0x00000018   Code   RO         6065    i.ip_frag_free_pbuf_custom_ref  ip_frag.o
    0x0800757a   0x00000002   PAD
    0x0800757c   0x00000268   Code   RO         5971    i.ip_input          ip.o
    0x080077e4   0x0000005c   Code   RO         5972    i.ip_output         ip.o
    0x08007840   0x00000168   Code   RO         5973    i.ip_output_if      ip.o
    0x080079a8   0x000001c8   Code   RO         6066    i.ip_reass          ip_frag.o
    0x08007b70   0x000001a8   Code   RO         6067    i.ip_reass_chain_frag_into_datagram_and_validate  ip_frag.o
    0x08007d18   0x00000034   Code   RO         6068    i.ip_reass_dequeue_datagram  ip_frag.o
    0x08007d4c   0x00000064   Code   RO         6069    i.ip_reass_enqueue_new_datagram  ip_frag.o
    0x08007db0   0x000000dc   Code   RO         6070    i.ip_reass_free_complete_datagram  ip_frag.o
    0x08007e8c   0x0000007c   Code   RO         6071    i.ip_reass_remove_oldest_datagram  ip_frag.o
    0x08007f08   0x00000068   Code   RO         5974    i.ip_route          ip.o
    0x08007f70   0x0000002e   Code   RO         6073    i.ipfrag_free_pbuf_custom  ip_frag.o
    0x08007f9e   0x00000002   PAD
    0x08007fa0   0x0000008c   Code   RO         6279    i.low_level_init    ethernetif.o
    0x0800802c   0x0000004c   Code   RO         6280    i.low_level_input   ethernetif.o
    0x08008078   0x00000034   Code   RO         6281    i.low_level_output  ethernetif.o
    0x080080ac   0x00000044   Code   RO         7101    i.ls_openDir        ls.o
    0x080080f0   0x0000001a   Code   RO         4725    i.lwip_htonl        def.o
    0x0800810a   0x0000000c   Code   RO         4726    i.lwip_htons        def.o
    0x08008116   0x0000000c   Code   RO         4727    i.lwip_ntohl        def.o
    0x08008122   0x0000000c   Code   RO         4728    i.lwip_ntohs        def.o
    0x0800812e   0x0000005e   Code   RO         5934    i.lwip_standard_chksum  inet_chksum.o
    0x0800818c   0x00000090   Code   RO         1027    i.main              main.o
    0x0800821c   0x00000012   Code   RO         7230    i.memClr            plibc.o
    0x0800822e   0x00000018   Code   RO         7231    i.memCpy            plibc.o
    0x08008246   0x00000002   PAD
    0x08008248   0x000000a4   Code   RO         5011    i.mem_free          mem.o
    0x080082ec   0x00000068   Code   RO         5012    i.mem_init          mem.o
    0x08008354   0x000001ac   Code   RO         5013    i.mem_malloc        mem.o
    0x08008500   0x0000019c   Code   RO         5014    i.mem_trim          mem.o
    0x0800869c   0x0000005c   Code   RO         5063    i.memp_free         memp.o
    0x080086f8   0x0000009c   Code   RO         5064    i.memp_init         memp.o
    0x08008794   0x000000c4   Code   RO         5065    i.memp_malloc       memp.o
    0x08008858   0x0000002c   Code   RO         7427    i.my_if_spiSend     sd_stm32.o
    0x08008884   0x00000078   Code   RO         5107    i.netif_add         netif.o
    0x080088fc   0x00000028   Code   RO         5111    i.netif_set_addr    netif.o
    0x08008924   0x0000000c   Code   RO         5112    i.netif_set_default  netif.o
    0x08008930   0x0000002a   Code   RO         5113    i.netif_set_down    netif.o
    0x0800895a   0x0000000c   Code   RO         5114    i.netif_set_gw      netif.o
    0x08008966   0x00000002   PAD
    0x08008968   0x00000088   Code   RO         5115    i.netif_set_ipaddr  netif.o
    0x080089f0   0x0000000c   Code   RO         5118    i.netif_set_netmask  netif.o
    0x080089fc   0x00000036   Code   RO         5119    i.netif_set_up      netif.o
    0x08008a32   0x00000024   Code   RO         7161    i.part_directSectorRead  partition.o
    0x08008a56   0x00000024   Code   RO         7162    i.part_directSectorWrite  partition.o
    0x08008a7a   0x0000002e   Code   RO         7163    i.part_flushPart    partition.o
    0x08008aa8   0x00000014   Code   RO         7164    i.part_getRealLBA   partition.o
    0x08008abc   0x00000024   Code   RO         7165    i.part_getSect      partition.o
    0x08008ae0   0x0000002e   Code   RO         7166    i.part_initPartition  partition.o
    0x08008b0e   0x00000026   Code   RO         7167    i.part_isFatPart    partition.o
    0x08008b34   0x00000012   Code   RO         7169    i.part_relSect      partition.o
    0x08008b46   0x00000212   Code   RO         5201    i.pbuf_alloc        pbuf.o
    0x08008d58   0x0000006e   Code   RO         5202    i.pbuf_alloced_custom  pbuf.o
    0x08008dc6   0x0000004c   Code   RO         5203    i.pbuf_cat          pbuf.o
    0x08008e12   0x00000016   Code   RO         5204    i.pbuf_chain        pbuf.o
    0x08008e28   0x00000012   Code   RO         5205    i.pbuf_clen         pbuf.o
    0x08008e3a   0x000000e4   Code   RO         5207    i.pbuf_copy         pbuf.o
    0x08008f1e   0x0000009a   Code   RO         5208    i.pbuf_copy_partial  pbuf.o
    0x08008fb8   0x000000ba   Code   RO         5210    i.pbuf_free         pbuf.o
    0x08009072   0x0000008c   Code   RO         5212    i.pbuf_header       pbuf.o
    0x080090fe   0x000000b2   Code   RO         5215    i.pbuf_realloc      pbuf.o
    0x080091b0   0x0000000a   Code   RO         5216    i.pbuf_ref          pbuf.o
    0x080091ba   0x00000002   PAD
    0x080091bc   0x000000b8   Code   RO         5015    i.plug_holes        mem.o
    0x08009274   0x000001a8   Code   RO          623    i.process_tftp_request  tftpserver.o
    0x0800941c   0x00000010   Code   RO         8083    i.prvvTIMERExpiredISR  porttimer_m.o
    0x0800942c   0x00000010   Code   RO         8132    i.prvvUARTRxISR     portserial_m.o
    0x0800943c   0x00000010   Code   RO         8133    i.prvvUARTTxReadyISR  portserial_m.o
    0x0800944c   0x00000078   Code   RO         5320    i.raw_input         raw.o
    0x080094c4   0x00000022   Code   RO          624    i.recv_callback_tftp  tftpserver.o
    0x080094e6   0x00000002   PAD
    0x080094e8   0x00000070   Code   RO          625    i.rrq_recv_callback  tftpserver.o
    0x08009558   0x0000005e   Code   RO         8345    i.rx_data           si4432.o
    0x080095b6   0x00000002   PAD
    0x080095b8   0x00000084   Code   RO         8346    i.save_rec_data     si4432.o
    0x0800963c   0x00000052   Code   RO         7316    i.sd_Command        sd.o
    0x0800968e   0x0000008c   Code   RO         7317    i.sd_Command_crc    sd.o
    0x0800971a   0x00000002   PAD
    0x0800971c   0x00000278   Code   RO         7318    i.sd_Init           sd.o
    0x08009994   0x00000020   Code   RO         7319    i.sd_Resp16b        sd.o
    0x080099b4   0x00000026   Code   RO         7320    i.sd_Resp8b         sd.o
    0x080099da   0x00000034   Code   RO         7321    i.sd_Resp8bError    sd.o
    0x08009a0e   0x00000070   Code   RO         7322    i.sd_State          sd.o
    0x08009a7e   0x00000002   PAD
    0x08009a80   0x00000170   Code   RO         7323    i.sd_getDriveSize   sd.o
    0x08009bf0   0x000000b4   Code   RO         7324    i.sd_readSector     sd.o
    0x08009ca4   0x0000008c   Code   RO         7325    i.sd_writeSector    sd.o
    0x08009d30   0x00000058   Code   RO         8347    i.spi_byte          si4432.o
    0x08009d88   0x000000b4   Code   RO         8348    i.spi_rw            si4432.o
    0x08009e3c   0x0000001e   Code   RO         7233    i.strMatch          plibc.o
    0x08009e5a   0x00000002   PAD
    0x08009e5c   0x000000a0   Code   RO         5399    i.tcp_abandon       tcp.o
    0x08009efc   0x0000000e   Code   RO         5400    i.tcp_abort         tcp.o
    0x08009f0a   0x00000002   PAD
    0x08009f0c   0x00000118   Code   RO         5403    i.tcp_alloc         tcp.o
    0x0800a024   0x000000b0   Code   RO         5405    i.tcp_bind          tcp.o
    0x0800a0d4   0x00000084   Code   RO          325    i.tcp_client_callback  client_tcpudp.o
    0x0800a158   0x0000003c   Code   RO          326    i.tcp_client_connected  client_tcpudp.o
    0x0800a194   0x00000028   Code   RO          327    i.tcp_client_err    client_tcpudp.o
    0x0800a1bc   0x00000538   Code   RO          329    i.tcp_client_reciver  client_tcpudp.o
    0x0800a6f4   0x0000001c   Code   RO         5406    i.tcp_close         tcp.o
    0x0800a710   0x000001d4   Code   RO         5407    i.tcp_close_shutdown  tcp.o
    0x0800a8e4   0x0000015c   Code   RO         5408    i.tcp_connect       tcp.o
    0x0800aa40   0x000000e0   Code   RO         5688    i.tcp_create_segment  tcp_out.o
    0x0800ab20   0x0000002e   Code   RO         5410    i.tcp_eff_send_mss  tcp.o
    0x0800ab4e   0x00000002   PAD
    0x0800ab50   0x0000018c   Code   RO         5689    i.tcp_enqueue_flags  tcp_out.o
    0x0800acdc   0x00000014   Code   RO         5411    i.tcp_err           tcp.o
    0x0800acf0   0x00000084   Code   RO         5412    i.tcp_fasttmr       tcp.o
    0x0800ad74   0x000005a4   Code   RO         5637    i.tcp_input         tcp_in.o
    0x0800b318   0x00000068   Code   RO         5690    i.tcp_keepalive     tcp_out.o
    0x0800b380   0x00000054   Code   RO         5414    i.tcp_kill_prio     tcp.o
    0x0800b3d4   0x0000003c   Code   RO         5415    i.tcp_kill_timewait  tcp.o
    0x0800b410   0x00000148   Code   RO         5638    i.tcp_listen_input  tcp_in.o
    0x0800b558   0x0000000a   Code   RO         5417    i.tcp_new           tcp.o
    0x0800b562   0x00000002   PAD
    0x0800b564   0x00000068   Code   RO         5418    i.tcp_new_port      tcp.o
    0x0800b5cc   0x0000001c   Code   RO         5419    i.tcp_next_iss      tcp.o
    0x0800b5e8   0x000001e0   Code   RO         5691    i.tcp_output        tcp_out.o
    0x0800b7c8   0x0000009c   Code   RO         5692    i.tcp_output_alloc_header  tcp_out.o
    0x0800b864   0x000000f4   Code   RO         5693    i.tcp_output_segment  tcp_out.o
    0x0800b958   0x000000b8   Code   RO         5639    i.tcp_parseopt      tcp_in.o
    0x0800ba10   0x0000008a   Code   RO         5694    i.tcp_pbuf_prealloc  tcp_out.o
    0x0800ba9a   0x00000040   Code   RO         5420    i.tcp_pcb_purge     tcp.o
    0x0800bada   0x00000002   PAD
    0x0800badc   0x000000a0   Code   RO         5421    i.tcp_pcb_remove    tcp.o
    0x0800bb7c   0x000005d4   Code   RO         5640    i.tcp_process       tcp_in.o
    0x0800c150   0x0000008c   Code   RO         5423    i.tcp_process_refused_data  tcp.o
    0x0800c1dc   0x00000708   Code   RO         5641    i.tcp_receive       tcp_in.o
    0x0800c8e4   0x00000012   Code   RO         5424    i.tcp_recv          tcp.o
    0x0800c8f6   0x0000002e   Code   RO         5425    i.tcp_recv_null     tcp.o
    0x0800c924   0x00000060   Code   RO         5426    i.tcp_recved        tcp.o
    0x0800c984   0x00000058   Code   RO         5695    i.tcp_rexmit        tcp_out.o
    0x0800c9dc   0x00000070   Code   RO         5696    i.tcp_rexmit_fast   tcp_out.o
    0x0800ca4c   0x00000038   Code   RO         5697    i.tcp_rexmit_rto    tcp_out.o
    0x0800ca84   0x000000c4   Code   RO         5698    i.tcp_rst           tcp_out.o
    0x0800cb48   0x0000001a   Code   RO         5427    i.tcp_seg_free      tcp.o
    0x0800cb62   0x00000018   Code   RO         5428    i.tcp_segs_free     tcp.o
    0x0800cb7a   0x00000060   Code   RO         5699    i.tcp_send_empty_ack  tcp_out.o
    0x0800cbda   0x0000004a   Code   RO         5700    i.tcp_send_fin      tcp_out.o
    0x0800cc24   0x00000388   Code   RO         5432    i.tcp_slowtmr       tcp.o
    0x0800cfac   0x00000002   Code   RO         6129    i.tcp_timer_needed  timers.o
    0x0800cfae   0x00000002   PAD
    0x0800cfb0   0x000000ac   Code   RO         5642    i.tcp_timewait_input  tcp_in.o
    0x0800d05c   0x00000024   Code   RO         5433    i.tcp_tmr           tcp.o
    0x0800d080   0x00000058   Code   RO         5434    i.tcp_update_rcv_ann_wnd  tcp.o
    0x0800d0d8   0x0000044c   Code   RO         5701    i.tcp_write         tcp_out.o
    0x0800d524   0x0000009c   Code   RO         5702    i.tcp_write_checks  tcp_out.o
    0x0800d5c0   0x000000cc   Code   RO         5703    i.tcp_zero_window_probe  tcp_out.o
    0x0800d68c   0x00000044   Code   RO          626    i.tftp_cleanup_rd   tftpserver.o
    0x0800d6d0   0x00000044   Code   RO          627    i.tftp_cleanup_wr   tftpserver.o
    0x0800d714   0x00000038   Code   RO          628    i.tftp_construct_error_message  tftpserver.o
    0x0800d74c   0x00000006   Code   RO          738    i.tftp_decode_op    tftputils.o
    0x0800d752   0x00000010   Code   RO          739    i.tftp_extract_block  tftputils.o
    0x0800d762   0x00000010   Code   RO          740    i.tftp_extract_filename  tftputils.o
    0x0800d772   0x00000026   Code   RO          741    i.tftp_is_correct_ack  tftputils.o
    0x0800d798   0x000000c0   Code   RO          629    i.tftp_process_read  tftpserver.o
    0x0800d858   0x000000a4   Code   RO          630    i.tftp_process_write  tftpserver.o
    0x0800d8fc   0x00000030   Code   RO          631    i.tftp_send_ack_packet  tftpserver.o
    0x0800d92c   0x0000004c   Code   RO          632    i.tftp_send_data_packet  tftpserver.o
    0x0800d978   0x00000032   Code   RO          633    i.tftp_send_error_message  tftpserver.o
    0x0800d9aa   0x00000050   Code   RO          634    i.tftp_send_message  tftpserver.o
    0x0800d9fa   0x00000002   PAD
    0x0800d9fc   0x0000003c   Code   RO          635    i.tftp_send_next_block  tftpserver.o
    0x0800da38   0x00000014   Code   RO          742    i.tftp_set_block    tftputils.o
    0x0800da4c   0x00000014   Code   RO          743    i.tftp_set_data_message  tftputils.o
    0x0800da60   0x00000008   Code   RO          744    i.tftp_set_errorcode  tftputils.o
    0x0800da68   0x00000010   Code   RO          745    i.tftp_set_errormsg  tftputils.o
    0x0800da78   0x00000008   Code   RO          746    i.tftp_set_opcode   tftputils.o
    0x0800da80   0x000000fa   Code   RO         8349    i.tx_data           si4432.o
    0x0800db7a   0x00000002   PAD
    0x0800db7c   0x0000000c   Code   RO         7818    i.ucMBMasterGetDestAddress  mb_m.o
    0x0800db88   0x0000000c   Code   RO         7925    i.ucMBMasterGetPDUSndLength  mbrtu_m.o
    0x0800db94   0x00000088   Code   RO         5785    i.udp_bind          udp.o
    0x0800dc1c   0x00000674   Code   RO          331    i.udp_client_callback  client_tcpudp.o
    0x0800e290   0x00000040   Code   RO          332    i.udp_client_callback_app  client_tcpudp.o
    0x0800e2d0   0x00000064   Code   RO         5786    i.udp_connect       udp.o
    0x0800e334   0x00000010   Code   RO         5787    i.udp_disconnect    udp.o
    0x0800e344   0x0000028c   Code   RO         5789    i.udp_input         udp.o
    0x0800e5d0   0x0000001c   Code   RO         5790    i.udp_new           udp.o
    0x0800e5ec   0x00000058   Code   RO         5791    i.udp_new_port      udp.o
    0x0800e644   0x00000006   Code   RO         5792    i.udp_recv          udp.o
    0x0800e64a   0x00000002   PAD
    0x0800e64c   0x00000040   Code   RO         5793    i.udp_remove        udp.o
    0x0800e68c   0x00000048   Code   RO         5795    i.udp_sendto        udp.o
    0x0800e6d4   0x0000012c   Code   RO         5796    i.udp_sendto_if     udp.o
    0x0800e800   0x0000000c   Code   RO         7926    i.vMBMasterGetPDUSndBuf  mbrtu_m.o
    0x0800e80c   0x0000005c   Code   RO         8135    i.vMBMasterPortSerialEnable  portserial_m.o
    0x0800e868   0x00000058   Code   RO         8084    i.vMBMasterPortTimersConvertDelayEnable  porttimer_m.o
    0x0800e8c0   0x0000002c   Code   RO         8085    i.vMBMasterPortTimersDisable  porttimer_m.o
    0x0800e8ec   0x00000058   Code   RO         8086    i.vMBMasterPortTimersRespondTimeoutEnable  porttimer_m.o
    0x0800e944   0x00000058   Code   RO         8087    i.vMBMasterPortTimersT35Enable  porttimer_m.o
    0x0800e99c   0x0000000c   Code   RO         7928    i.vMBMasterSetCurTimerMode  mbrtu_m.o
    0x0800e9a8   0x0000000c   Code   RO         7821    i.vMBMasterSetIsBusy  mb_m.o
    0x0800e9b4   0x000000cc   Code   RO          637    i.wrq_recv_callback  tftpserver.o
    0x0800ea80   0x00000020   Code   RO         8184    i.xMBMasterPortEventGet  portevent_m.o
    0x0800eaa0   0x00000010   Code   RO         8185    i.xMBMasterPortEventInit  portevent_m.o
    0x0800eab0   0x00000014   Code   RO         8186    i.xMBMasterPortEventPost  portevent_m.o
    0x0800eac4   0x00000014   Code   RO         8136    i.xMBMasterPortSerialGetByte  portserial_m.o
    0x0800ead8   0x0000011c   Code   RO         8137    i.xMBMasterPortSerialInit  portserial_m.o
    0x0800ebf4   0x00000014   Code   RO         8138    i.xMBMasterPortSerialPutByte  portserial_m.o
    0x0800ec08   0x0000006c   Code   RO         8088    i.xMBMasterPortTimersInit  porttimer_m.o
    0x0800ec74   0x00000094   Code   RO         7930    i.xMBMasterRTUReceiveFSM  mbrtu_m.o
    0x0800ed08   0x00000074   Code   RO         7931    i.xMBMasterRTUTimerExpired  mbrtu_m.o
    0x0800ed7c   0x0000008c   Code   RO         7932    i.xMBMasterRTUTransmitFSM  mbrtu_m.o
    0x0800ee08   0x00000024   Data   RO         5067    .constdata          memp.o
    0x0800ee2c   0x00000050   Data   RO         5435    .constdata          tcp.o
    0x0800ee7c   0x00000008   Data   RO         6017    .constdata          ip_addr.o
    0x0800ee84   0x0000000c   Data   RO         6195    .constdata          etharp.o
    0x0800ee90   0x00000092   Data   RO          639    .conststring        tftpserver.o
    0x0800ef22   0x00000068   Data   RO         5436    .conststring        tcp.o
    0x0800ef8a   0x00000002   PAD
    0x0800ef8c   0x00000020   Data   RO         8794    Region$$Table       anon$$obj.o


    Execution Region RW_IRAM1 (Base: 0x20000000, Size: 0x0000cff8, Max: 0x00010000, ABSOLUTE, COMPRESSED[0x0000005c])

    Base Addr    Size         Type   Attr      Idx    E Section Name        Object

    0x20000000   0x0000001c   Data   RW            6    .data               netconf.o
    0x2000001c   0x00000044   Data   RW          334    .data               client_tcpudp.o
    0x20000060   0x0000003c   Data   RW          640    .data               tftpserver.o
    0x2000009c   0x00000017   Data   RW          835    .data               ds18b20srom.o
    0x200000b3   0x00000001   PAD
    0x200000b4   0x00000018   Data   RW         1029    .data               main.o
    0x200000cc   0x00000014   Data   RW         2696    .data               stm32f10x_rcc.o
    0x200000e0   0x00000010   Data   RW         4217    .data               stm32_eth.o
    0x200000f0   0x00000004   Data   RW         4791    .data               dhcp.o
    0x200000f4   0x0000000c   Data   RW         5017    .data               mem.o
    0x20000100   0x00000004   Data   RW         5068    .data               memp.o
    0x20000104   0x00000009   Data   RW         5120    .data               netif.o
    0x2000010d   0x00000003   PAD
    0x20000110   0x00000004   Data   RW         5326    .data               raw.o
    0x20000114   0x00000023   Data   RW         5437    .data               tcp.o
    0x20000137   0x00000001   PAD
    0x20000138   0x00000020   Data   RW         5644    .data               tcp_in.o
    0x20000158   0x00000008   Data   RW         5797    .data               udp.o
    0x20000160   0x00000012   Data   RW         5975    .data               ip.o
    0x20000172   0x00000002   PAD
    0x20000174   0x00000006   Data   RW         6074    .data               ip_frag.o
    0x2000017a   0x00000001   Data   RW         6196    .data               etharp.o
    0x2000017b   0x00000001   PAD
    0x2000017c   0x00000012   Data   RW         6283    .data               ethernetif.o
    0x2000018e   0x00000002   PAD
    0x20000190   0x00000008   Data   RW         7328    .data               sd.o
    0x20000198   0x00000038   Data   RW         7824    .data               mb_m.o
    0x200001d0   0x0000000d   Data   RW         7934    .data               mbrtu_m.o
    0x200001dd   0x00000003   PAD
    0x200001e0   0x00000020   Data   RW         8033    .data               modbus_main.o
    0x20000200   0x00000004   Data   RW         8089    .data               porttimer_m.o
    0x20000204   0x00000004   Data   RW         8139    .data               portserial_m.o
    0x20000208   0x00000002   Data   RW         8187    .data               portevent_m.o
    0x2000020a   0x00000002   Data   RW         8351    .data               si4432.o
    0x2000020c   0x00000038   Zero   RW            5    .bss                netconf.o
    0x20000244   0x00000cd2   Zero   RW          333    .bss                client_tcpudp.o
    0x20000f16   0x00000002   PAD
    0x20000f18   0x00000670   Zero   RW          638    .bss                tftpserver.o
    0x20001588   0x00000010   Zero   RW         1028    .bss                main.o
    0x20001598   0x00000032   Zero   RW         4790    .bss                dhcp.o
    0x200015ca   0x00001878   Zero   RW         5016    .bss                mem.o
    0x20002e42   0x00000002   PAD
    0x20002e44   0x000068c3   Zero   RW         5066    .bss                memp.o
    0x20009707   0x00000001   PAD
    0x20009708   0x0000010c   Zero   RW         5375    .bss                stats.o
    0x20009814   0x00000010   Zero   RW         5643    .bss                tcp_in.o
    0x20009824   0x000000c8   Zero   RW         6194    .bss                etharp.o
    0x200098ec   0x000029e8   Zero   RW         6282    .bss                ethernetif.o
    0x2000c2d4   0x0000016c   Zero   RW         7675    .bss                smtp.o
    0x2000c440   0x000001fd   Zero   RW         7933    .bss                mbrtu_m.o
    0x2000c63d   0x00000578   Zero   RW         8031    .bss                modbus_main.o
    0x2000cbb5   0x00000040   Zero   RW         8350    .bss                si4432.o
    0x2000cbf5   0x00000003   PAD
    0x2000cbf8   0x00000400   Zero   RW         6355    STACK               startup_stm32f10x_cl.o


==============================================================================

Image component sizes


      Code (inc. data)   RO Data    RW Data    ZI Data      Debug   Object Name

      3804        538          0         68       3282      30675   client_tcpudp.o
        62          0          0          0          0       2084   def.o
      4484        102          0          4         50      22424   dhcp.o
      1066          0          0          0          0      10250   dir.o
        80          0          0          0          0       1383   disc.o
       104         10          0         23          0       2943   ds18b20srom.o
       122          0          0          0          0        911   efs.o
      2874         82         12          1        200      13332   etharp.o
       924        112          0         18      10728       8784   ethernetif.o
       122          0          0          0          0       1991   extract.o
      1802          6          0          0          0       9520   fat.o
      1892          0          0          0          0      10049   file.o
         4          0          0          0          0       1095   filesystem.o
       304         22          0          0          0       3433   flash_if.o
      1236          0          0          0          0      12182   fs.o
       752         16          0          0          0       3622   icmp.o
         0          0          0          0          0       3844   inet.o
       390          0          0          0          0       3558   inet_chksum.o
         0          0          0          0          0        684   init.o
      2228          0          0          0          0      18066   ioman.o
      1172         50          0         18          0       7497   ip.o
        78          0          8          0          0       7394   ip_addr.o
      1904         46          0          6          0       9145   ip_frag.o
        68          0          0          0          0        973   ls.o
       352         24          0         24         16       3167   main.o
       564         86          0         56          0       9499   mb_m.o
       720         64          0         13        509       9550   mbrtu_m.o
      1656        146          0         12       6264       5609   mem.o
       444         36         36          4      26819       3995   memp.o
       172         32          0          0          0       2229   misc.o
       550         44          0         32       1400       2673   modbus_main.o
       292         56          0         28         56     306631   netconf.o
       428         22          0          9          0       7714   netif.o
       276          0          0          0          0       5128   partition.o
      1652          0          0          0          0       9167   pbuf.o
        72          0          0          0          0       1965   plibc.o
         8          0          0          0          0        929   port.o
        68         14          0          2          0       2374   portevent_m.o
       528         54          0          4          0       4892   portserial_m.o
       472         54          0          4          0       4214   porttimer_m.o
       120         12          0          4          0       1548   raw.o
      1870         44          0          8          0      11995   sd.o
       440         28          0          0          0       4876   sd_stm32.o
      2000         70          0          2         64       9183   si4432.o
         0          0          0          0        364       4646   smtp.o
        36          8        336          0       1024        616   startup_stm32f10x_cl.o
         0          0          0          0        268       3213   stats.o
      1584        138          0         16          0      14595   stm32_eth.o
       634         32          0          0          0      18677   stm32f107.o
       294         26          0          0          0       4605   stm32f10x_flash.o
       450         10          0          0          0       5266   stm32f10x_gpio.o
        58          0          0          0          0      36927   stm32f10x_it.o
       536         48          0         20          0       7126   stm32f10x_rcc.o
       112          0          0          0          0       4054   stm32f10x_spi.o
       286         42          0          0          0       5522   stm32f10x_tim.o
       444          6          0          0          0       6445   stm32f10x_usart.o
       100         32          0          0          0       2942   stm32f10x_wwdg.o
       372         32          0          0          0       2253   system_stm32f10x.o
      3560        186        184         35          0      28055   tcp.o
      5420        190          0         32         16      16687   tcp_in.o
      3824         50          0          0          0      14335   tcp_out.o
      1728        176        146         60       1648      13360   tftpserver.o
       148          0          0          0          0       5364   tftputils.o
         4          0          0          0          0        444   time.o
         2          0          0          0          0        455   timers.o
      1462         50          0          8          0      17043   udp.o

    ----------------------------------------------------------------------
     59288       2796        756        524      52716     805807   Object Totals
         0          0         32          0          0          0   (incl. Generated)
        78          0          2         13          8          3   (incl. Padding)

    ----------------------------------------------------------------------

      Code (inc. data)   RO Data    RW Data    ZI Data      Debug   Library Member Name

        94          0          0          0          0          0   __dczerorl2.o
         0          0          0          0          0          0   entry.o
         8          4          0          0          0          0   entry2.o
         4          0          0          0          0          0   entry5.o
         8          4          0          0          0          0   entry7.o
        30          0          0          0          0          0   handlers.o
        36          8          0          0          0         68   init.o
        20          0          0          0          0         68   memchr.o
        26          0          0          0          0         76   memcmp.o
        36          0          0          0          0         68   memcpya.o
        38          0          0          0          0        108   memseta.o
       902         10          0          0          0        416   printf6.o
        18          0          0          0          0         68   strcpy.o
        16          0          0          0          0         68   strlen.o
        30          0          0          0          0         76   strncmp.o
        44          0          0          0          0         76   uidiv.o

    ----------------------------------------------------------------------
      1312         26          0          0          0       1092   Library Totals
         2          0          0          0          0          0   (incl. Padding)

    ----------------------------------------------------------------------

      Code (inc. data)   RO Data    RW Data    ZI Data      Debug   Library Name

      1310         26          0          0          0       1092   mc_w.l

    ----------------------------------------------------------------------
      1312         26          0          0          0       1092   Library Totals

    ----------------------------------------------------------------------

==============================================================================


      Code (inc. data)   RO Data    RW Data    ZI Data      Debug   

     60600       2822        756        524      52716     782552   Grand Totals
     60600       2822        756         92      52716     782552   ELF Image Totals (compressed)
     60600       2822        756         92          0          0   ROM Totals

==============================================================================

    Total RO  Size (Code + RO Data)                61356 (  59.92kB)
    Total RW  Size (RW Data + ZI Data)             53240 (  51.99kB)
    Total ROM Size (Code + RO Data + RW Data)      61448 (  60.01kB)

==============================================================================

